******************************************************************************
                  TI ARM Linker PC v18.1.3                     
******************************************************************************
>> Linked Sat Mar 30 16:03:38 2019

OUTPUT FILE NAME:   <cuberover-firmware.out>
ENTRY POINT SYMBOL: "_c_int00"  address: 000103d4


MEMORY CONFIGURATION

         name            origin    length      used     unused   attr    fill
----------------------  --------  ---------  --------  --------  ----  --------
  VECTORS               00000000   00000020  00000020  00000000     X
  KERNEL                00000020   00008000  00005a30  000025d0  R  X
  FLASH0                00008020   00137fe0  000099ec  0012e5f4  R  X
  STACKS                08000000   00000800  00000000  00000800  RW  
  KRAM                  08000800   00000800  00000140  000006c0  RW  
  RAM                   08001000   0002f000  0000202c  0002cfd4  RW  


SEGMENT ALLOCATION MAP

run origin  load origin   length   init length attrs members
----------  ----------- ---------- ----------- ----- -------
00000000    00000000    00005a50   00005a50    r-x
  00000000    00000000    00000020   00000020    r-x .intvecs
  00000020    00000020    000059e0   000059e0    r-x .kernelTEXT
  00005a00    00005a00    00000050   00000050    r-- .cinit
00008020    00008020    000099ec   000099ec    r-x
  00008020    00008020    000097ec   000097ec    r-x .text
  0001180c    0001180c    00000200   00000200    r-- .const
08000800    08000800    00000140   00000000    rw-
  08000800    08000800    00000140   00000000    rw- .kernelBSS
08001000    08001000    0000202c   00000000    rw-
  08001000    08001000    00002000   00000000    rw- .kernelHEAP
  08003000    08003000    00000018   00000000    rw- .data
  08003018    08003018    00000014   00000000    rw- .bss


SECTION ALLOCATION MAP

 output                                  attributes/
section   page    origin      length       input sections
--------  ----  ----------  ----------   ----------------
.intvecs   0    00000000    00000020     
                  00000000    00000020     sys_intvecs.obj (.intvecs)

.kernelTEXT 
*          0    00000020    000059e0     
                  00000020    00002fa0     os_tasks.obj (.kernelTEXT)
                  00002fc0    00001374     os_queue.obj (.kernelTEXT)
                  00004334    00000ab0     os_timer.obj (.kernelTEXT)
                  00004de4    000004bc     os_portasm.obj (.kernelTEXT)
                  000052a0    000003e0     os_port.obj (.kernelTEXT)
                  00005680    00000380     os_heap.obj (.kernelTEXT)

.cinit     0    00005a00    00000050     
                  00005a00    0000000c     (__TI_handler_table)
                  00005a0c    0000000b     (.cinit..data.load) [load image, compression = lzss]
                  00005a17    00000009     (.cinit..kernelBSS.load) [load image, compression = lzss]
                  00005a20    00000008     (.cinit..bss.load) [load image, compression = zero_init]
                  00005a28    00000008     (.cinit..kernelHEAP.load) [load image, compression = zero_init]
                  00005a30    00000020     (__TI_cinit_table)

.text      0    00008020    000097ec     
                  00008020    00002cdc     sys_selftest.obj (.text)
                  0000acfc    00001504     mibspi.obj (.text)
                  0000c200    00000b64     system.obj (.text)
                  0000cd64    00000a58     sys_vim.obj (.text)
                  0000d7bc    000008d8     i2c.obj (.text)
                  0000e094    000008b8     pinmux.obj (.text)
                  0000e94c    00000664     errata_SSWF021_45.obj (.text)
                  0000efb0    000005bc     esm.obj (.text)
                  0000f56c    00000484     gio.obj (.text)
                  0000f9f0    000003cc     coralI2C.obj (.text)
                  0000fdbc    0000034c     sys_core.obj (.text)
                  00010108    000002cc     sys_vim.obj (.text:retain)
                  000103d4    00000290     sys_startup.obj (.text:retain)
                  00010664    00000278     os_heap.obj (.text)
                  000108dc    00000238     os_list.obj (.text)
                  00010b14    0000022c     notification.obj (.text)
                  00010d40    000001f0     i2c.obj (.text:retain)
                  00010f30    000001b4     os_port.obj (.text)
                  000110e4    00000164     os_tasks.obj (.text)
                  00011248    00000114     esm.obj (.text:retain)
                  0001135c    000000e8     dabort.obj (.text)
                  00011444    000000e0     sys_pmu.obj (.text)
                  00011524    000000b8     coralWD.obj (.text)
                  000115dc    0000009c     rtsv7R4_T_le_v3D16_eabi.lib : memcpy_t2.asm.obj (.text)
                  00011678    0000007a                                 : memset_t2.asm.obj (.text)
                  000116f2    0000006c                                 : copy_decompress_lzss.c.obj (.text:decompress:lzss:__TI_decompress_lzss)
                  0001175e    00000002     --HOLE-- [fill = 0]
                  00011760    00000044                                 : autoinit.c.obj (.text:__TI_auto_init_nobinit_nopinit:__TI_auto_init_nobinit_nopinit)
                  000117a4    0000002c     sys_main.obj (.text)
                  000117d0    00000016     rtsv7R4_T_le_v3D16_eabi.lib : strlen.c.obj (.text:strlen)
                  000117e6    0000000e                                 : copy_decompress_none.c.obj (.text:decompress:none:__TI_decompress_none)
                  000117f4    0000000c                                 : copy_zero_init.c.obj (.text:decompress:ZI:__TI_zero_init)
                  00011800    00000004                                 : exit.c.obj (.text:abort:abort)
                  00011804    00000004     sys_phantom.obj (.text:retain)
                  00011808    00000004     sys_startup.obj (.text)

.const     0    0001180c    00000200     
                  0001180c    00000200     sys_vim.obj (.const:s_vim_init)

.kernelBSS 
*          0    08000800    00000140     UNINITIALIZED
                  08000800    000000d0     os_tasks.obj (.kernelBSS:uninit)
                  080008d0    00000034     os_tasks.obj (.kernelBSS:init)
                  08000904    00000030     os_timer.obj (.kernelBSS:uninit)
                  08000934    0000000c     os_timer.obj (.kernelBSS:init)

.kernelHEAP 
*          0    08001000    00002000     UNINITIALIZED
                  08001000    00002000     os_heap.obj (.kernelHEAP)

.data      0    08003000    00000018     UNINITIALIZED
                  08003000    00000010     os_heap.obj (.data)
                  08003010    00000008     os_port.obj (.data)

.bss       0    08003018    00000014     UNINITIALIZED
                  08003018    0000000c     i2c.obj (.bss:g_i2cTransfer_t)
                  08003024    00000008     os_heap.obj (.bss:xStart)

MODULE SUMMARY

       Module                       code    ro data   rw data
       ------                       ----    -------   -------
    .\HAL\source\
       os_tasks.obj                 12548   0         260    
       sys_selftest.obj             11484   0         0      
       os_heap.obj                  1528    0         8216   
       mibspi.obj                   5380    0         0      
       os_queue.obj                 4980    0         0      
       sys_vim.obj                  3364    512       0      
       system.obj                   2916    0         0      
       os_timer.obj                 2736    0         60     
       i2c.obj                      2760    0         12     
       pinmux.obj                   2232    0         0      
       esm.obj                      1744    0         0      
       errata_SSWF021_45.obj        1636    0         0      
       os_port.obj                  1428    0         8      
       os_portasm.obj               1212    0         0      
       gio.obj                      1156    0         0      
       sys_core.obj                 844     0         0      
       sys_startup.obj              660     0         0      
       os_list.obj                  568     0         0      
       notification.obj             556     0         0      
       dabort.obj                   232     0         0      
       sys_pmu.obj                  224     0         0      
       sys_main.obj                 44      0         0      
       sys_intvecs.obj              32      0         0      
       sys_phantom.obj              4       0         0      
    +--+----------------------------+-------+---------+---------+
       Total:                       60268   512       8556   
                                                             
    .\source\
       coralI2C.obj                 972     0         0      
       coralWD.obj                  184     0         0      
    +--+----------------------------+-------+---------+---------+
       Total:                       1156    0         0      
                                                             
    C:/ti/ccsv8/tools/compiler/ti-cgt-arm_18.1.3.LTS/lib/rtsv7R4_T_le_v3D16_eabi.lib
       memcpy_t2.asm.obj            156     0         0      
       memset_t2.asm.obj            122     0         0      
       copy_decompress_lzss.c.obj   108     0         0      
       autoinit.c.obj               68      0         0      
       strlen.c.obj                 22      0         0      
       copy_decompress_none.c.obj   14      0         0      
       copy_zero_init.c.obj         12      0         0      
       exit.c.obj                   4       0         0      
    +--+----------------------------+-------+---------+---------+
       Total:                       506     0         0      
                                                             
       Linker Generated:            0       80        0      
    +--+----------------------------+-------+---------+---------+
       Grand Total:                 61930   592       8556   


LINKER GENERATED COPY TABLES

__TI_cinit_table @ 00005a30 records: 4, size/record: 8, table size: 32
	.data: load addr=00005a0c, load size=0000000b bytes, run addr=08003000, run size=00000018 bytes, compression=lzss
	.kernelBSS: load addr=00005a17, load size=00000009 bytes, run addr=08000800, run size=00000140 bytes, compression=lzss
	.bss: load addr=00005a20, load size=00000008 bytes, run addr=08003018, run size=00000014 bytes, compression=zero_init
	.kernelHEAP: load addr=00005a28, load size=00000008 bytes, run addr=08001000, run size=00002000 bytes, compression=zero_init


LINKER GENERATED HANDLER TABLE

__TI_handler_table @ 00005a00 records: 3, size/record: 4, table size: 12
	index: 0, handler: __TI_decompress_lzss
	index: 1, handler: __TI_decompress_none
	index: 2, handler: __TI_zero_init


GLOBAL SYMBOLS: SORTED ALPHABETICALLY BY Name 

address   name                                
-------   ----                                
00011801  C$$EXIT                             
UNDEFED   SHT$$INIT_ARRAY$$Base               
UNDEFED   SHT$$INIT_ARRAY$$Limit              
00005a30  __TI_CINIT_Base                     
00005a50  __TI_CINIT_Limit                    
00005a00  __TI_Handler_Table_Base             
00005a0c  __TI_Handler_Table_Limit            
00010100  __TI_PINIT_Base                     
00010104  __TI_PINIT_Limit                    
00011761  __TI_auto_init_nobinit_nopinit      
000116f3  __TI_decompress_lzss                
000117e7  __TI_decompress_none                
ffffffff  __TI_pprof_out_hndl                 
ffffffff  __TI_prof_data_size                 
ffffffff  __TI_prof_data_start                
00000000  __TI_static_base__                  
000117f5  __TI_zero_init                      
00011679  __aeabi_memclr                      
00011679  __aeabi_memclr4                     
00011679  __aeabi_memclr8                     
000115dd  __aeabi_memcpy                      
000115dd  __aeabi_memcpy4                     
000115dd  __aeabi_memcpy8                     
0001167b  __aeabi_memset                      
0001167b  __aeabi_memset4                     
0001167b  __aeabi_memset8                     
ffffffff  __binit__                           
ffffffff  __c_args__                          
000103d4  _c_int00                            
00010018  _coreClearAuxiliaryDataFault_       
0001002c  _coreClearAuxiliaryInstructionFault_
0000fff0  _coreClearDataFaultAddress_         
0000ffc8  _coreClearDataFault_                
00010004  _coreClearInstructionFaultAddress_  
0000ffdc  _coreClearInstructionFault_         
0000ff5c  _coreDisableEventBusExport_         
0000ffa0  _coreDisableFlashEcc_               
0000ff7c  _coreDisableRamEcc_                 
0000ff4c  _coreEnableEventBusExport_          
0000ff8c  _coreEnableFlashEcc_                
0000ffb0  _coreEnableIrqVicOffset_            
0000ff6c  _coreEnableRamEcc_                  
0000ff34  _coreEnableVfp_                     
00010010  _coreGetAuxiliaryDataFault_         
00010024  _coreGetAuxiliaryInstructionFault_  
0000ffe8  _coreGetDataFaultAddress_           
0000ffc0  _coreGetDataFault_                  
0000fffc  _coreGetInstructionFaultAddress_    
0000ffd4  _coreGetInstructionFault_           
0000fdbc  _coreInitRegisters_                 
0000fec8  _coreInitStackPointer_              
0001135c  _dabort                             
00010040  _disable_FIQ_interrupt_             
00010048  _disable_IRQ_interrupt_             
00010038  _disable_interrupt_                 
00010050  _enable_interrupt_                  
000100e0  _errata_CORTEXR4_57_                
000100f0  _errata_CORTEXR4_66_                
0000e94c  _errata_SSWF021_45_both_plls        
0000eb40  _errata_SSWF021_45_pll1             
0000ecb8  _errata_SSWF021_45_pll2             
00010058  _esmCcmErrorsClear_                 
0000ff14  _getCPSRValue_                      
0000ff1c  _gotoCPUIdle_                       
000114a0  _pmuDisableCountersGlobal_          
00011490  _pmuEnableCountersGlobal_           
000114fc  _pmuGetCycleCount_                  
00011504  _pmuGetEventCount_                  
00011510  _pmuGetOverflow_                    
00011444  _pmuInit_                           
000114d0  _pmuResetCounters_                  
000114b0  _pmuResetCycleCounter_              
000114c0  _pmuResetEventCounters_             
000114f0  _pmuSetCountEvent_                  
000114e0  _pmuStartCounters_                  
000114e8  _pmuStopCounters_                   
UNDEFED   _system_post_cinit                  
00011801  abort                               
0000926c  adc1ParityCheck                     
00009358  adc2ParityCheck                     
00010b6c  adcNotification                     
ffffffff  binit                               
00009410  can1ParityCheck                     
000094e8  can2ParityCheck                     
000095b0  can3ParityCheck                     
00010b80  canErrorNotification                
00010ba8  canMessageNotification              
00010b94  canStatusChangeNotification         
00008030  ccmSelfCheck                        
0000a6fc  ccmr4GetConfigValue                 
00008938  checkB0RAMECC                       
00008b28  checkB1RAMECC                       
00009c18  checkClockMonitor                   
00008d18  checkFlashECC                       
00009cf4  checkFlashEEPROMECC                 
00009e8c  checkPLL1Slip                       
00009f8c  checkPLL2Slip                       
0000a050  checkRAMAddrParity                  
000099d0  checkRAMECC                         
0000a15c  checkRAMUERRTest                    
000087bc  checkefcSelfTest                    
0000fcf8  coral__i2cSetup                     
00011530  coral__kick                         
00011578  coral__kickSelfTest                 
0000fd0c  coral__ledOn                        
0000fd34  coral__parity                       
0000fb2c  coral__receiveMDStatus              
0000f9f0  coral__sendMDMessage                
00011524  coral__spiSetup                     
00008234  cpuSelfTest                         
00008dfc  cpuSelfTestFail                     
00010cac  crcNotification                     
0000cc88  customTrimLPO                       
00008df4  custom_dabort                       
00010bbc  dccNotification                     
0000ab58  disableParity                       
00010d0c  dmaGroupANotification               
00008eac  dmaParityCheck                      
00001fcc  eTaskConfirmSleepModeStatus         
000008a8  eTaskGetState                       
00010cf8  ecapNotification                    
00010c84  edgeNotification                    
00008660  efcCheck                            
0000a660  efcGetConfigValue                   
00008794  efcSelfTest                         
000086e8  efcStuckZeroTest                    
00010d30  emacRxNotification                  
00010d20  emacTxNotification                  
0000aad0  enableParity                        
00010ce4  eqepNotification                    
0000a76c  errata_PBIST_4                      
0000f134  esmActivateNormalOperation          
0000f208  esmClearStatus                      
0000f248  esmClearStatusBuffer                
0000f0fc  esmDisableError                     
0000f16c  esmDisableInterrupt                 
0000f0d4  esmEnableError                      
0000f144  esmEnableInterrupt                  
0000f340  esmEnterSelfTest                    
0000f0b8  esmError                            
0000f418  esmGetConfigValue                   
0000f284  esmGetStatus                        
0000f308  esmGetStatusBuffer                  
00010b14  esmGroup1Notification               
00010b24  esmGroup2Notification               
00011248  esmHighInterrupt                    
0000efb0  esmInit                             
0000f3c8  esmSelfTestStatus                   
0000f264  esmSetCounterPreloadValue           
0000f194  esmSetInterruptLevel                
0000f124  esmTriggerErrorPinReset             
00010cc0  etpwmNotification                   
00010cd0  etpwmTripNotification               
0000a2c4  fmcBus1ParityCheck                  
0000885c  fmcBus2Check                        
00008898  fmcECCcheck                         
0000f7cc  gioDisableNotification              
0000f764  gioEnableNotification               
0000f6cc  gioGetBit                           
0000f834  gioGetConfigValue                   
0000f6f4  gioGetPort                          
0000f56c  gioInit                             
00010bd0  gioNotification                     
0000f65c  gioSetBit                           
0000f63c  gioSetDirection                     
0000f6ac  gioSetPort                          
0000f70c  gioToggleBit                        
00011808  handlePLLLockFail                   
00008f58  het1ParityCheck                     
000090c0  het2ParityCheck                     
00010c98  hetNotification                     
00009004  htu1ParityCheck                     
000091bc  htu2ParityCheck                     
0000dbc8  i2cClearSCD                         
0000dccc  i2cDisableLoopback                  
0000dd40  i2cDisableNotification              
0000dcac  i2cEnableLoopback                   
0000dd04  i2cEnableNotification               
0000ddc8  i2cGetConfigValue                   
0000d7bc  i2cInit                             
00010d40  i2cInterrupt                        
0000e008  i2cIsBusBusy                        
0000dfc8  i2cIsMasterReady                    
0000db60  i2cIsRxReady                        
0000db7c  i2cIsStopDetected                   
0000da48  i2cIsTxReady                        
0000fda0  i2cNotification                     
0000dc0c  i2cReceive                          
0000dbe4  i2cReceiveByte                      
0000db98  i2cRxError                          
0000da94  i2cSend                             
0000da64  i2cSendByte                         
0000d8e8  i2cSetBaudrate                      
0000da28  i2cSetCount                         
0000df90  i2cSetDirection                     
0000dd90  i2cSetMode                          
0000d8a8  i2cSetOwnAdd                        
0000d8c8  i2cSetSlaveAdd                      
0000d9e8  i2cSetStart                         
0000da08  i2cSetStop                          
00010bf8  linNotification                     
000117a4  main                                
0000c368  mapClocks                           
000115dd  memcpy                              
00008174  memoryInit                          
00010b34  memoryPort0TestFailNotification     
00010b50  memoryPort1TestFailNotification     
00011681  memset                              
0000b808  mibspi1GetConfigValue               
00009684  mibspi1ParityCheck                  
0000bafc  mibspi3GetConfigValue               
0000978c  mibspi3ParityCheck                  
0000be74  mibspi5GetConfigValue               
000098b0  mibspi5ParityCheck                  
0000b7d4  mibspiDisableGroupNotification      
0000b6e0  mibspiDisableLoopback               
0000b74c  mibspiEnableGroupNotification       
0000b6ac  mibspiEnableLoopback                
0000b4c4  mibspiGetData                       
00010c20  mibspiGroupNotification             
0000acfc  mibspiInit                          
0000b640  mibspiIsTransferComplete            
00010c0c  mibspiNotification                  
0000b6fc  mibspiPmodeSet                      
0000b3b8  mibspiSetData                       
0000b398  mibspiSetFunctional                 
0000b610  mibspiTransfer                      
0000e094  muxInit                             
0000a3ec  pbistFail                           
0000a470  pbistGetConfigValue                 
000085a8  pbistIsTestCompleted                
000085d4  pbistIsTestPassed                   
00008608  pbistPortTestStatus                 
000084ac  pbistRun                            
000082cc  pbistSelfCheck                      
00008578  pbistStop                           
000013a4  pcTaskGetName                       
00004610  pcTimerGetName                      
0000c314  periphInit                          
00011804  phantomInterrupt                    
0000e548  pinmuxGetConfigValue                
00005278  prvMpuDisable                       
00005260  prvMpuEnable                        
00005248  prvMpuSetRegion                     
00005680  pvPortMalloc                        
000020a4  pvTaskGetThreadLocalStoragePointer  
0000271c  pvTaskIncrementMutexHeldCount       
00004d44  pvTimerGetTimerID                   
00010c6c  pwmNotification                     
080008d0  pxCurrentTCB                        
000052a0  pxPortInitialiseStack               
00000000  resetEntry                          
00010c34  sciNotification                     
00008020  selftestFailNotification            
0000c2d4  setupFlash                          
0000c200  setupPLL                            
00010c5c  spiEndNotification                  
00010c48  spiNotification                     
0000cb4c  sramGetConfigValue                  
0000a5bc  stcGetConfigValue                   
000081b8  stcSelfCheck                        
00008df8  stcSelfCheckFail                    
000117d1  strlen                              
0000c58c  systemGetConfigValue                
0000c490  systemInit                          
0000c55c  systemPowerDown                     
0000c9a0  tcmflashGetConfigValue              
000117b4  testbench                           
0000c260  trimLPO                             
08003010  ulCriticalNesting                   
00005164  ulPortCountLeadingZeros             
08003014  ulTaskHasFPUContext                 
00002750  ulTaskNotifyTake                    
00010a88  uxListRemove                        
00003dac  uxQueueMessagesWaiting              
00003e30  uxQueueMessagesWaitingFromISR       
00003de4  uxQueueSpacesAvailable              
00001398  uxTaskGetNumberOfTasks              
000022e8  uxTaskGetStackHighWaterMark         
000009ac  uxTaskPriorityGet                   
000009f0  uxTaskPriorityGetFromISR            
000026e0  uxTaskResetEventItemValue           
000108dc  vListInitialise                     
00010934  vListInitialiseItem                 
000109c4  vListInsert                         
00010950  vListInsertEnd                      
0000564c  vPortEndScheduler                   
000058d8  vPortFree                           
000059e8  vPortInitialiseBlocks               
00005158  vPortInitialiseFPSCR                
00005058  vPortPreemptiveTick                 
0000516c  vPortSWI                            
00004de8  vPortStartFirstTask                 
000053b4  vPortStoreTaskMPUSettings           
00004f64  vPortYeildWithinAPI                 
00004e78  vPortYieldProcessor                 
00003e60  vQueueDelete                        
000042a4  vQueueWaitForMessageRestricted      
00002110  vTaskAllocateMPURegions             
00000824  vTaskDelay                          
000006b8  vTaskDelayUntil                     
00000550  vTaskDelete                         
000010d4  vTaskEndScheduler                   
00001fb4  vTaskMissedYield                    
00002d14  vTaskNotifyGiveFromISR              
00001b20  vTaskPlaceOnEventList               
00001be8  vTaskPlaceOnEventListRestricted     
00001b64  vTaskPlaceOnUnorderedEventList      
0000241c  vTaskPriorityInherit                
00000a38  vTaskPrioritySet                    
00000e5c  vTaskResume                         
0000204c  vTaskSetThreadLocalStoragePointer   
00001e3c  vTaskSetTimeOutState                
00001028  vTaskStartScheduler                 
000016bc  vTaskStepTick                       
00000c54  vTaskSuspend                        
000010f0  vTaskSuspendAll                     
00001a40  vTaskSwitchContext                  
00004d84  vTimerSetTimerID                    
0000ce38  vimChannelMap                       
0000d0a4  vimDisableInterrupt                 
0000cedc  vimEnableInterrupt                  
0000d150  vimGetConfigValue                   
0000cd64  vimInit                             
00008e00  vimParityCheck                      
00010108  vimParityErrorHandler               
000059d0  xPortGetFreeHeapSize                
000059dc  xPortGetMinimumEverFreeHeapSize     
00005628  xPortStartScheduler                 
00003258  xQueueCreateMutex                   
000030e8  xQueueGenericCreate                 
00003858  xQueueGenericReceive                
00002fc0  xQueueGenericReset                  
0000329c  xQueueGenericSend                   
0000355c  xQueueGenericSendFromISR            
000036ec  xQueueGiveFromISR                   
000041c8  xQueueIsQueueEmptyFromISR           
00004254  xQueueIsQueueFullFromISR            
00003cb8  xQueuePeekFromISR                   
00003b70  xQueueReceiveFromISR                
00001718  xTaskAbortDelay                     
00001e7c  xTaskCheckForTimeOut                
000000fc  xTaskCreate                         
00000020  xTaskCreateRestricted               
00002944  xTaskGenericNotify                  
00002b14  xTaskGenericNotifyFromISR           
000023b0  xTaskGetCurrentTaskHandle           
00001580  xTaskGetHandle                      
00001684  xTaskGetIdleTaskHandle              
000023cc  xTaskGetSchedulerState              
00001358  xTaskGetTickCount                   
00001374  xTaskGetTickCountFromISR            
00001818  xTaskIncrementTick                  
000111cc  xTaskNotifyStateClear               
0000282c  xTaskNotifyWait                     
00002578  xTaskPriorityDisinherit             
00001c44  xTaskRemoveFromEventList            
00001d38  xTaskRemoveFromUnorderedEventList   
000011a8  xTaskResumeAll                      
00000f40  xTaskResumeFromISR                  
00004398  xTimerCreate                        
00004334  xTimerCreateTimerTask               
00004494  xTimerGenericCommand                
000045d8  xTimerGetExpiryTime                 
000045a8  xTimerGetPeriod                     
00004570  xTimerGetTimerDaemonTaskHandle      
00004cd4  xTimerIsTimerActive                 


GLOBAL SYMBOLS: SORTED BY Symbol Address 

address   name                                
-------   ----                                
00000000  __TI_static_base__                  
00000000  resetEntry                          
00000020  xTaskCreateRestricted               
000000fc  xTaskCreate                         
00000550  vTaskDelete                         
000006b8  vTaskDelayUntil                     
00000824  vTaskDelay                          
000008a8  eTaskGetState                       
000009ac  uxTaskPriorityGet                   
000009f0  uxTaskPriorityGetFromISR            
00000a38  vTaskPrioritySet                    
00000c54  vTaskSuspend                        
00000e5c  vTaskResume                         
00000f40  xTaskResumeFromISR                  
00001028  vTaskStartScheduler                 
000010d4  vTaskEndScheduler                   
000010f0  vTaskSuspendAll                     
000011a8  xTaskResumeAll                      
00001358  xTaskGetTickCount                   
00001374  xTaskGetTickCountFromISR            
00001398  uxTaskGetNumberOfTasks              
000013a4  pcTaskGetName                       
00001580  xTaskGetHandle                      
00001684  xTaskGetIdleTaskHandle              
000016bc  vTaskStepTick                       
00001718  xTaskAbortDelay                     
00001818  xTaskIncrementTick                  
00001a40  vTaskSwitchContext                  
00001b20  vTaskPlaceOnEventList               
00001b64  vTaskPlaceOnUnorderedEventList      
00001be8  vTaskPlaceOnEventListRestricted     
00001c44  xTaskRemoveFromEventList            
00001d38  xTaskRemoveFromUnorderedEventList   
00001e3c  vTaskSetTimeOutState                
00001e7c  xTaskCheckForTimeOut                
00001fb4  vTaskMissedYield                    
00001fcc  eTaskConfirmSleepModeStatus         
0000204c  vTaskSetThreadLocalStoragePointer   
000020a4  pvTaskGetThreadLocalStoragePointer  
00002110  vTaskAllocateMPURegions             
000022e8  uxTaskGetStackHighWaterMark         
000023b0  xTaskGetCurrentTaskHandle           
000023cc  xTaskGetSchedulerState              
0000241c  vTaskPriorityInherit                
00002578  xTaskPriorityDisinherit             
000026e0  uxTaskResetEventItemValue           
0000271c  pvTaskIncrementMutexHeldCount       
00002750  ulTaskNotifyTake                    
0000282c  xTaskNotifyWait                     
00002944  xTaskGenericNotify                  
00002b14  xTaskGenericNotifyFromISR           
00002d14  vTaskNotifyGiveFromISR              
00002fc0  xQueueGenericReset                  
000030e8  xQueueGenericCreate                 
00003258  xQueueCreateMutex                   
0000329c  xQueueGenericSend                   
0000355c  xQueueGenericSendFromISR            
000036ec  xQueueGiveFromISR                   
00003858  xQueueGenericReceive                
00003b70  xQueueReceiveFromISR                
00003cb8  xQueuePeekFromISR                   
00003dac  uxQueueMessagesWaiting              
00003de4  uxQueueSpacesAvailable              
00003e30  uxQueueMessagesWaitingFromISR       
00003e60  vQueueDelete                        
000041c8  xQueueIsQueueEmptyFromISR           
00004254  xQueueIsQueueFullFromISR            
000042a4  vQueueWaitForMessageRestricted      
00004334  xTimerCreateTimerTask               
00004398  xTimerCreate                        
00004494  xTimerGenericCommand                
00004570  xTimerGetTimerDaemonTaskHandle      
000045a8  xTimerGetPeriod                     
000045d8  xTimerGetExpiryTime                 
00004610  pcTimerGetName                      
00004cd4  xTimerIsTimerActive                 
00004d44  pvTimerGetTimerID                   
00004d84  vTimerSetTimerID                    
00004de8  vPortStartFirstTask                 
00004e78  vPortYieldProcessor                 
00004f64  vPortYeildWithinAPI                 
00005058  vPortPreemptiveTick                 
00005158  vPortInitialiseFPSCR                
00005164  ulPortCountLeadingZeros             
0000516c  vPortSWI                            
00005248  prvMpuSetRegion                     
00005260  prvMpuEnable                        
00005278  prvMpuDisable                       
000052a0  pxPortInitialiseStack               
000053b4  vPortStoreTaskMPUSettings           
00005628  xPortStartScheduler                 
0000564c  vPortEndScheduler                   
00005680  pvPortMalloc                        
000058d8  vPortFree                           
000059d0  xPortGetFreeHeapSize                
000059dc  xPortGetMinimumEverFreeHeapSize     
000059e8  vPortInitialiseBlocks               
00005a00  __TI_Handler_Table_Base             
00005a0c  __TI_Handler_Table_Limit            
00005a30  __TI_CINIT_Base                     
00005a50  __TI_CINIT_Limit                    
00008020  selftestFailNotification            
00008030  ccmSelfCheck                        
00008174  memoryInit                          
000081b8  stcSelfCheck                        
00008234  cpuSelfTest                         
000082cc  pbistSelfCheck                      
000084ac  pbistRun                            
00008578  pbistStop                           
000085a8  pbistIsTestCompleted                
000085d4  pbistIsTestPassed                   
00008608  pbistPortTestStatus                 
00008660  efcCheck                            
000086e8  efcStuckZeroTest                    
00008794  efcSelfTest                         
000087bc  checkefcSelfTest                    
0000885c  fmcBus2Check                        
00008898  fmcECCcheck                         
00008938  checkB0RAMECC                       
00008b28  checkB1RAMECC                       
00008d18  checkFlashECC                       
00008df4  custom_dabort                       
00008df8  stcSelfCheckFail                    
00008dfc  cpuSelfTestFail                     
00008e00  vimParityCheck                      
00008eac  dmaParityCheck                      
00008f58  het1ParityCheck                     
00009004  htu1ParityCheck                     
000090c0  het2ParityCheck                     
000091bc  htu2ParityCheck                     
0000926c  adc1ParityCheck                     
00009358  adc2ParityCheck                     
00009410  can1ParityCheck                     
000094e8  can2ParityCheck                     
000095b0  can3ParityCheck                     
00009684  mibspi1ParityCheck                  
0000978c  mibspi3ParityCheck                  
000098b0  mibspi5ParityCheck                  
000099d0  checkRAMECC                         
00009c18  checkClockMonitor                   
00009cf4  checkFlashEEPROMECC                 
00009e8c  checkPLL1Slip                       
00009f8c  checkPLL2Slip                       
0000a050  checkRAMAddrParity                  
0000a15c  checkRAMUERRTest                    
0000a2c4  fmcBus1ParityCheck                  
0000a3ec  pbistFail                           
0000a470  pbistGetConfigValue                 
0000a5bc  stcGetConfigValue                   
0000a660  efcGetConfigValue                   
0000a6fc  ccmr4GetConfigValue                 
0000a76c  errata_PBIST_4                      
0000aad0  enableParity                        
0000ab58  disableParity                       
0000acfc  mibspiInit                          
0000b398  mibspiSetFunctional                 
0000b3b8  mibspiSetData                       
0000b4c4  mibspiGetData                       
0000b610  mibspiTransfer                      
0000b640  mibspiIsTransferComplete            
0000b6ac  mibspiEnableLoopback                
0000b6e0  mibspiDisableLoopback               
0000b6fc  mibspiPmodeSet                      
0000b74c  mibspiEnableGroupNotification       
0000b7d4  mibspiDisableGroupNotification      
0000b808  mibspi1GetConfigValue               
0000bafc  mibspi3GetConfigValue               
0000be74  mibspi5GetConfigValue               
0000c200  setupPLL                            
0000c260  trimLPO                             
0000c2d4  setupFlash                          
0000c314  periphInit                          
0000c368  mapClocks                           
0000c490  systemInit                          
0000c55c  systemPowerDown                     
0000c58c  systemGetConfigValue                
0000c9a0  tcmflashGetConfigValue              
0000cb4c  sramGetConfigValue                  
0000cc88  customTrimLPO                       
0000cd64  vimInit                             
0000ce38  vimChannelMap                       
0000cedc  vimEnableInterrupt                  
0000d0a4  vimDisableInterrupt                 
0000d150  vimGetConfigValue                   
0000d7bc  i2cInit                             
0000d8a8  i2cSetOwnAdd                        
0000d8c8  i2cSetSlaveAdd                      
0000d8e8  i2cSetBaudrate                      
0000d9e8  i2cSetStart                         
0000da08  i2cSetStop                          
0000da28  i2cSetCount                         
0000da48  i2cIsTxReady                        
0000da64  i2cSendByte                         
0000da94  i2cSend                             
0000db60  i2cIsRxReady                        
0000db7c  i2cIsStopDetected                   
0000db98  i2cRxError                          
0000dbc8  i2cClearSCD                         
0000dbe4  i2cReceiveByte                      
0000dc0c  i2cReceive                          
0000dcac  i2cEnableLoopback                   
0000dccc  i2cDisableLoopback                  
0000dd04  i2cEnableNotification               
0000dd40  i2cDisableNotification              
0000dd90  i2cSetMode                          
0000ddc8  i2cGetConfigValue                   
0000df90  i2cSetDirection                     
0000dfc8  i2cIsMasterReady                    
0000e008  i2cIsBusBusy                        
0000e094  muxInit                             
0000e548  pinmuxGetConfigValue                
0000e94c  _errata_SSWF021_45_both_plls        
0000eb40  _errata_SSWF021_45_pll1             
0000ecb8  _errata_SSWF021_45_pll2             
0000efb0  esmInit                             
0000f0b8  esmError                            
0000f0d4  esmEnableError                      
0000f0fc  esmDisableError                     
0000f124  esmTriggerErrorPinReset             
0000f134  esmActivateNormalOperation          
0000f144  esmEnableInterrupt                  
0000f16c  esmDisableInterrupt                 
0000f194  esmSetInterruptLevel                
0000f208  esmClearStatus                      
0000f248  esmClearStatusBuffer                
0000f264  esmSetCounterPreloadValue           
0000f284  esmGetStatus                        
0000f308  esmGetStatusBuffer                  
0000f340  esmEnterSelfTest                    
0000f3c8  esmSelfTestStatus                   
0000f418  esmGetConfigValue                   
0000f56c  gioInit                             
0000f63c  gioSetDirection                     
0000f65c  gioSetBit                           
0000f6ac  gioSetPort                          
0000f6cc  gioGetBit                           
0000f6f4  gioGetPort                          
0000f70c  gioToggleBit                        
0000f764  gioEnableNotification               
0000f7cc  gioDisableNotification              
0000f834  gioGetConfigValue                   
0000f9f0  coral__sendMDMessage                
0000fb2c  coral__receiveMDStatus              
0000fcf8  coral__i2cSetup                     
0000fd0c  coral__ledOn                        
0000fd34  coral__parity                       
0000fda0  i2cNotification                     
0000fdbc  _coreInitRegisters_                 
0000fec8  _coreInitStackPointer_              
0000ff14  _getCPSRValue_                      
0000ff1c  _gotoCPUIdle_                       
0000ff34  _coreEnableVfp_                     
0000ff4c  _coreEnableEventBusExport_          
0000ff5c  _coreDisableEventBusExport_         
0000ff6c  _coreEnableRamEcc_                  
0000ff7c  _coreDisableRamEcc_                 
0000ff8c  _coreEnableFlashEcc_                
0000ffa0  _coreDisableFlashEcc_               
0000ffb0  _coreEnableIrqVicOffset_            
0000ffc0  _coreGetDataFault_                  
0000ffc8  _coreClearDataFault_                
0000ffd4  _coreGetInstructionFault_           
0000ffdc  _coreClearInstructionFault_         
0000ffe8  _coreGetDataFaultAddress_           
0000fff0  _coreClearDataFaultAddress_         
0000fffc  _coreGetInstructionFaultAddress_    
00010004  _coreClearInstructionFaultAddress_  
00010010  _coreGetAuxiliaryDataFault_         
00010018  _coreClearAuxiliaryDataFault_       
00010024  _coreGetAuxiliaryInstructionFault_  
0001002c  _coreClearAuxiliaryInstructionFault_
00010038  _disable_interrupt_                 
00010040  _disable_FIQ_interrupt_             
00010048  _disable_IRQ_interrupt_             
00010050  _enable_interrupt_                  
00010058  _esmCcmErrorsClear_                 
000100e0  _errata_CORTEXR4_57_                
000100f0  _errata_CORTEXR4_66_                
00010100  __TI_PINIT_Base                     
00010104  __TI_PINIT_Limit                    
00010108  vimParityErrorHandler               
000103d4  _c_int00                            
000108dc  vListInitialise                     
00010934  vListInitialiseItem                 
00010950  vListInsertEnd                      
000109c4  vListInsert                         
00010a88  uxListRemove                        
00010b14  esmGroup1Notification               
00010b24  esmGroup2Notification               
00010b34  memoryPort0TestFailNotification     
00010b50  memoryPort1TestFailNotification     
00010b6c  adcNotification                     
00010b80  canErrorNotification                
00010b94  canStatusChangeNotification         
00010ba8  canMessageNotification              
00010bbc  dccNotification                     
00010bd0  gioNotification                     
00010bf8  linNotification                     
00010c0c  mibspiNotification                  
00010c20  mibspiGroupNotification             
00010c34  sciNotification                     
00010c48  spiNotification                     
00010c5c  spiEndNotification                  
00010c6c  pwmNotification                     
00010c84  edgeNotification                    
00010c98  hetNotification                     
00010cac  crcNotification                     
00010cc0  etpwmNotification                   
00010cd0  etpwmTripNotification               
00010ce4  eqepNotification                    
00010cf8  ecapNotification                    
00010d0c  dmaGroupANotification               
00010d20  emacTxNotification                  
00010d30  emacRxNotification                  
00010d40  i2cInterrupt                        
000111cc  xTaskNotifyStateClear               
00011248  esmHighInterrupt                    
0001135c  _dabort                             
00011444  _pmuInit_                           
00011490  _pmuEnableCountersGlobal_           
000114a0  _pmuDisableCountersGlobal_          
000114b0  _pmuResetCycleCounter_              
000114c0  _pmuResetEventCounters_             
000114d0  _pmuResetCounters_                  
000114e0  _pmuStartCounters_                  
000114e8  _pmuStopCounters_                   
000114f0  _pmuSetCountEvent_                  
000114fc  _pmuGetCycleCount_                  
00011504  _pmuGetEventCount_                  
00011510  _pmuGetOverflow_                    
00011524  coral__spiSetup                     
00011530  coral__kick                         
00011578  coral__kickSelfTest                 
000115dd  __aeabi_memcpy                      
000115dd  __aeabi_memcpy4                     
000115dd  __aeabi_memcpy8                     
000115dd  memcpy                              
00011679  __aeabi_memclr                      
00011679  __aeabi_memclr4                     
00011679  __aeabi_memclr8                     
0001167b  __aeabi_memset                      
0001167b  __aeabi_memset4                     
0001167b  __aeabi_memset8                     
00011681  memset                              
000116f3  __TI_decompress_lzss                
00011761  __TI_auto_init_nobinit_nopinit      
000117a4  main                                
000117b4  testbench                           
000117d1  strlen                              
000117e7  __TI_decompress_none                
000117f5  __TI_zero_init                      
00011801  C$$EXIT                             
00011801  abort                               
00011804  phantomInterrupt                    
00011808  handlePLLLockFail                   
080008d0  pxCurrentTCB                        
08003010  ulCriticalNesting                   
08003014  ulTaskHasFPUContext                 
ffffffff  __TI_pprof_out_hndl                 
ffffffff  __TI_prof_data_size                 
ffffffff  __TI_prof_data_start                
ffffffff  __binit__                           
ffffffff  __c_args__                          
ffffffff  binit                               
UNDEFED   SHT$$INIT_ARRAY$$Base               
UNDEFED   SHT$$INIT_ARRAY$$Limit              
UNDEFED   _system_post_cinit                  

[367 symbols]
