<?xml version="1.0" encoding="ISO-8859-1" ?>
<link_info>
   <banner>TI ARM Linker PC v18.1.3.LTS</banner>
   <copyright>Copyright (c) 1996-2017 Texas Instruments Incorporated</copyright>
   <link_time>0x5c9fcb9a</link_time>
   <link_errors>0x0</link_errors>
   <output_file>cuberover-firmware.out</output_file>
   <entry_point>
      <name>_c_int00</name>
      <address>0x103d4</address>
   </entry_point>
   <input_file_list>
      <input_file id="fl-2">
         <path>.\HAL\source\</path>
         <kind>object</kind>
         <file>adc.obj</file>
         <name>adc.obj</name>
      </input_file>
      <input_file id="fl-3">
         <path>.\HAL\source\</path>
         <kind>object</kind>
         <file>can.obj</file>
         <name>can.obj</name>
      </input_file>
      <input_file id="fl-4">
         <path>.\HAL\source\</path>
         <kind>object</kind>
         <file>crc.obj</file>
         <name>crc.obj</name>
      </input_file>
      <input_file id="fl-5">
         <path>.\HAL\source\</path>
         <kind>object</kind>
         <file>dabort.obj</file>
         <name>dabort.obj</name>
      </input_file>
      <input_file id="fl-6">
         <path>.\HAL\source\</path>
         <kind>object</kind>
         <file>dcc.obj</file>
         <name>dcc.obj</name>
      </input_file>
      <input_file id="fl-7">
         <path>.\HAL\source\</path>
         <kind>object</kind>
         <file>ecap.obj</file>
         <name>ecap.obj</name>
      </input_file>
      <input_file id="fl-8">
         <path>.\HAL\source\</path>
         <kind>object</kind>
         <file>emac.obj</file>
         <name>emac.obj</name>
      </input_file>
      <input_file id="fl-9">
         <path>.\HAL\source\</path>
         <kind>object</kind>
         <file>eqep.obj</file>
         <name>eqep.obj</name>
      </input_file>
      <input_file id="fl-a">
         <path>.\HAL\source\</path>
         <kind>object</kind>
         <file>errata_SSWF021_45.obj</file>
         <name>errata_SSWF021_45.obj</name>
      </input_file>
      <input_file id="fl-b">
         <path>.\HAL\source\</path>
         <kind>object</kind>
         <file>esm.obj</file>
         <name>esm.obj</name>
      </input_file>
      <input_file id="fl-c">
         <path>.\HAL\source\</path>
         <kind>object</kind>
         <file>etpwm.obj</file>
         <name>etpwm.obj</name>
      </input_file>
      <input_file id="fl-d">
         <path>.\HAL\source\</path>
         <kind>object</kind>
         <file>gio.obj</file>
         <name>gio.obj</name>
      </input_file>
      <input_file id="fl-e">
         <path>.\HAL\source\</path>
         <kind>object</kind>
         <file>het.obj</file>
         <name>het.obj</name>
      </input_file>
      <input_file id="fl-f">
         <path>.\HAL\source\</path>
         <kind>object</kind>
         <file>i2c.obj</file>
         <name>i2c.obj</name>
      </input_file>
      <input_file id="fl-10">
         <path>.\HAL\source\</path>
         <kind>object</kind>
         <file>lin.obj</file>
         <name>lin.obj</name>
      </input_file>
      <input_file id="fl-11">
         <path>.\HAL\source\</path>
         <kind>object</kind>
         <file>mdio.obj</file>
         <name>mdio.obj</name>
      </input_file>
      <input_file id="fl-12">
         <path>.\HAL\source\</path>
         <kind>object</kind>
         <file>mibspi.obj</file>
         <name>mibspi.obj</name>
      </input_file>
      <input_file id="fl-13">
         <path>.\HAL\source\</path>
         <kind>object</kind>
         <file>notification.obj</file>
         <name>notification.obj</name>
      </input_file>
      <input_file id="fl-14">
         <path>.\HAL\source\</path>
         <kind>object</kind>
         <file>os_croutine.obj</file>
         <name>os_croutine.obj</name>
      </input_file>
      <input_file id="fl-15">
         <path>.\HAL\source\</path>
         <kind>object</kind>
         <file>os_event_groups.obj</file>
         <name>os_event_groups.obj</name>
      </input_file>
      <input_file id="fl-16">
         <path>.\HAL\source\</path>
         <kind>object</kind>
         <file>os_heap.obj</file>
         <name>os_heap.obj</name>
      </input_file>
      <input_file id="fl-17">
         <path>.\HAL\source\</path>
         <kind>object</kind>
         <file>os_list.obj</file>
         <name>os_list.obj</name>
      </input_file>
      <input_file id="fl-18">
         <path>.\HAL\source\</path>
         <kind>object</kind>
         <file>os_mpu_wrappers.obj</file>
         <name>os_mpu_wrappers.obj</name>
      </input_file>
      <input_file id="fl-19">
         <path>.\HAL\source\</path>
         <kind>object</kind>
         <file>os_port.obj</file>
         <name>os_port.obj</name>
      </input_file>
      <input_file id="fl-1a">
         <path>.\HAL\source\</path>
         <kind>object</kind>
         <file>os_portasm.obj</file>
         <name>os_portasm.obj</name>
      </input_file>
      <input_file id="fl-1b">
         <path>.\HAL\source\</path>
         <kind>object</kind>
         <file>os_queue.obj</file>
         <name>os_queue.obj</name>
      </input_file>
      <input_file id="fl-1c">
         <path>.\HAL\source\</path>
         <kind>object</kind>
         <file>os_tasks.obj</file>
         <name>os_tasks.obj</name>
      </input_file>
      <input_file id="fl-1d">
         <path>.\HAL\source\</path>
         <kind>object</kind>
         <file>os_timer.obj</file>
         <name>os_timer.obj</name>
      </input_file>
      <input_file id="fl-1e">
         <path>.\HAL\source\</path>
         <kind>object</kind>
         <file>phy_dp83640.obj</file>
         <name>phy_dp83640.obj</name>
      </input_file>
      <input_file id="fl-1f">
         <path>.\HAL\source\</path>
         <kind>object</kind>
         <file>pinmux.obj</file>
         <name>pinmux.obj</name>
      </input_file>
      <input_file id="fl-20">
         <path>.\HAL\source\</path>
         <kind>object</kind>
         <file>pom.obj</file>
         <name>pom.obj</name>
      </input_file>
      <input_file id="fl-21">
         <path>.\HAL\source\</path>
         <kind>object</kind>
         <file>sci.obj</file>
         <name>sci.obj</name>
      </input_file>
      <input_file id="fl-22">
         <path>.\HAL\source\</path>
         <kind>object</kind>
         <file>spi.obj</file>
         <name>spi.obj</name>
      </input_file>
      <input_file id="fl-23">
         <path>.\HAL\source\</path>
         <kind>object</kind>
         <file>sys_core.obj</file>
         <name>sys_core.obj</name>
      </input_file>
      <input_file id="fl-24">
         <path>.\HAL\source\</path>
         <kind>object</kind>
         <file>sys_dma.obj</file>
         <name>sys_dma.obj</name>
      </input_file>
      <input_file id="fl-25">
         <path>.\HAL\source\</path>
         <kind>object</kind>
         <file>sys_intvecs.obj</file>
         <name>sys_intvecs.obj</name>
      </input_file>
      <input_file id="fl-26">
         <path>.\HAL\source\</path>
         <kind>object</kind>
         <file>sys_main.obj</file>
         <name>sys_main.obj</name>
      </input_file>
      <input_file id="fl-27">
         <path>.\HAL\source\</path>
         <kind>object</kind>
         <file>sys_mpu.obj</file>
         <name>sys_mpu.obj</name>
      </input_file>
      <input_file id="fl-28">
         <path>.\HAL\source\</path>
         <kind>object</kind>
         <file>sys_pcr.obj</file>
         <name>sys_pcr.obj</name>
      </input_file>
      <input_file id="fl-29">
         <path>.\HAL\source\</path>
         <kind>object</kind>
         <file>sys_phantom.obj</file>
         <name>sys_phantom.obj</name>
      </input_file>
      <input_file id="fl-2a">
         <path>.\HAL\source\</path>
         <kind>object</kind>
         <file>sys_pmm.obj</file>
         <name>sys_pmm.obj</name>
      </input_file>
      <input_file id="fl-2b">
         <path>.\HAL\source\</path>
         <kind>object</kind>
         <file>sys_pmu.obj</file>
         <name>sys_pmu.obj</name>
      </input_file>
      <input_file id="fl-2c">
         <path>.\HAL\source\</path>
         <kind>object</kind>
         <file>sys_selftest.obj</file>
         <name>sys_selftest.obj</name>
      </input_file>
      <input_file id="fl-2d">
         <path>.\HAL\source\</path>
         <kind>object</kind>
         <file>sys_startup.obj</file>
         <name>sys_startup.obj</name>
      </input_file>
      <input_file id="fl-2e">
         <path>.\HAL\source\</path>
         <kind>object</kind>
         <file>sys_vim.obj</file>
         <name>sys_vim.obj</name>
      </input_file>
      <input_file id="fl-2f">
         <path>.\HAL\source\</path>
         <kind>object</kind>
         <file>system.obj</file>
         <name>system.obj</name>
      </input_file>
      <input_file id="fl-30">
         <path>.\source\</path>
         <kind>object</kind>
         <file>coralI2C.obj</file>
         <name>coralI2C.obj</name>
      </input_file>
      <input_file id="fl-31">
         <path>.\source\</path>
         <kind>object</kind>
         <file>coralWD.obj</file>
         <name>coralWD.obj</name>
      </input_file>
      <input_file id="fl-35">
         <kind>object</kind>
         <file>&lt;internal&gt;</file>
         <name>&lt;internal&gt;</name>
      </input_file>
      <input_file id="fl-36">
         <path>C:\ti\ccsv8\tools\compiler\ti-cgt-arm_18.1.3.LTS\lib\</path>
         <kind>archive</kind>
         <file>rtsv7R4_T_le_v3D16_eabi.lib</file>
         <name>s_floor.c.obj</name>
      </input_file>
      <input_file id="fl-37">
         <path>C:\ti\ccsv8\tools\compiler\ti-cgt-arm_18.1.3.LTS\lib\</path>
         <kind>archive</kind>
         <file>rtsv7R4_T_le_v3D16_eabi.lib</file>
         <name>memset_t2.asm.obj</name>
      </input_file>
      <input_file id="fl-38">
         <path>C:\ti\ccsv8\tools\compiler\ti-cgt-arm_18.1.3.LTS\lib\</path>
         <kind>archive</kind>
         <file>rtsv7R4_T_le_v3D16_eabi.lib</file>
         <name>memcpy_t2.asm.obj</name>
      </input_file>
      <input_file id="fl-39">
         <path>C:\ti\ccsv8\tools\compiler\ti-cgt-arm_18.1.3.LTS\lib\</path>
         <kind>archive</kind>
         <file>rtsv7R4_T_le_v3D16_eabi.lib</file>
         <name>u_div32.asm.obj</name>
      </input_file>
      <input_file id="fl-3a">
         <path>C:\ti\ccsv8\tools\compiler\ti-cgt-arm_18.1.3.LTS\lib\</path>
         <kind>archive</kind>
         <file>rtsv7R4_T_le_v3D16_eabi.lib</file>
         <name>autoinit.c.obj</name>
      </input_file>
      <input_file id="fl-3b">
         <path>C:\ti\ccsv8\tools\compiler\ti-cgt-arm_18.1.3.LTS\lib\</path>
         <kind>archive</kind>
         <file>rtsv7R4_T_le_v3D16_eabi.lib</file>
         <name>cpy_tbl.c.obj</name>
      </input_file>
      <input_file id="fl-3c">
         <path>C:\ti\ccsv8\tools\compiler\ti-cgt-arm_18.1.3.LTS\lib\</path>
         <kind>archive</kind>
         <file>rtsv7R4_T_le_v3D16_eabi.lib</file>
         <name>copy_zero_init.c.obj</name>
      </input_file>
      <input_file id="fl-3d">
         <path>C:\ti\ccsv8\tools\compiler\ti-cgt-arm_18.1.3.LTS\lib\</path>
         <kind>archive</kind>
         <file>rtsv7R4_T_le_v3D16_eabi.lib</file>
         <name>copy_decompress_none.c.obj</name>
      </input_file>
      <input_file id="fl-3e">
         <path>C:\ti\ccsv8\tools\compiler\ti-cgt-arm_18.1.3.LTS\lib\</path>
         <kind>archive</kind>
         <file>rtsv7R4_T_le_v3D16_eabi.lib</file>
         <name>copy_decompress_lzss.c.obj</name>
      </input_file>
      <input_file id="fl-3f">
         <path>C:\ti\ccsv8\tools\compiler\ti-cgt-arm_18.1.3.LTS\lib\</path>
         <kind>archive</kind>
         <file>rtsv7R4_T_le_v3D16_eabi.lib</file>
         <name>exit.c.obj</name>
      </input_file>
      <input_file id="fl-40">
         <path>C:\ti\ccsv8\tools\compiler\ti-cgt-arm_18.1.3.LTS\lib\</path>
         <kind>archive</kind>
         <file>rtsv7R4_T_le_v3D16_eabi.lib</file>
         <name>_lock.c.obj</name>
      </input_file>
      <input_file id="fl-41">
         <path>C:\ti\ccsv8\tools\compiler\ti-cgt-arm_18.1.3.LTS\lib\</path>
         <kind>archive</kind>
         <file>rtsv7R4_T_le_v3D16_eabi.lib</file>
         <name>strlen.c.obj</name>
      </input_file>
      <input_file id="fl-42">
         <path>C:\ti\ccsv8\tools\compiler\ti-cgt-arm_18.1.3.LTS\lib\</path>
         <kind>archive</kind>
         <file>rtsv7R4_T_le_v3D16_eabi.lib</file>
         <name>div0.asm.obj</name>
      </input_file>
   </input_file_list>
   <object_component_list>
      <object_component id="oc-30">
         <name>.intvecs</name>
         <load_address>0x0</load_address>
         <run_address>0x0</run_address>
         <size>0x20</size>
         <input_file_ref idref="fl-25"/>
      </object_component>
      <object_component id="oc-154">
         <name>.kernelTEXT</name>
         <load_address>0x20</load_address>
         <run_address>0x20</run_address>
         <size>0x2fa0</size>
         <input_file_ref idref="fl-1c"/>
      </object_component>
      <object_component id="oc-303">
         <name>.kernelTEXT</name>
         <load_address>0x2fc0</load_address>
         <run_address>0x2fc0</run_address>
         <size>0x1374</size>
         <input_file_ref idref="fl-1b"/>
      </object_component>
      <object_component id="oc-26e">
         <name>.kernelTEXT</name>
         <load_address>0x4334</load_address>
         <run_address>0x4334</run_address>
         <size>0xab0</size>
         <input_file_ref idref="fl-1d"/>
      </object_component>
      <object_component id="oc-a2">
         <name>.kernelTEXT</name>
         <load_address>0x4de4</load_address>
         <run_address>0x4de4</run_address>
         <size>0x4bc</size>
         <input_file_ref idref="fl-1a"/>
      </object_component>
      <object_component id="oc-262">
         <name>.kernelTEXT</name>
         <load_address>0x52a0</load_address>
         <run_address>0x52a0</run_address>
         <size>0x3e0</size>
         <input_file_ref idref="fl-19"/>
      </object_component>
      <object_component id="oc-256">
         <name>.kernelTEXT</name>
         <load_address>0x5680</load_address>
         <run_address>0x5680</run_address>
         <size>0x380</size>
         <input_file_ref idref="fl-16"/>
      </object_component>
      <object_component id="oc-3fc">
         <name>__TI_handler_table</name>
         <load_address>0x5a00</load_address>
         <run_address>0x5a00</run_address>
         <size>0xc</size>
      </object_component>
      <object_component id="oc-401">
         <name>.cinit..data.load</name>
         <load_address>0x5a0c</load_address>
         <run_address>0x5a0c</run_address>
         <size>0xb</size>
      </object_component>
      <object_component id="oc-3fe">
         <name>.cinit..kernelBSS.load</name>
         <load_address>0x5a17</load_address>
         <run_address>0x5a17</run_address>
         <size>0x9</size>
      </object_component>
      <object_component id="oc-400">
         <name>.cinit..bss.load</name>
         <load_address>0x5a20</load_address>
         <run_address>0x5a20</run_address>
         <size>0x8</size>
      </object_component>
      <object_component id="oc-3ff">
         <name>.cinit..kernelHEAP.load</name>
         <load_address>0x5a28</load_address>
         <run_address>0x5a28</run_address>
         <size>0x8</size>
      </object_component>
      <object_component id="oc-3fd">
         <name>__TI_cinit_table</name>
         <load_address>0x5a30</load_address>
         <run_address>0x5a30</run_address>
         <size>0x20</size>
      </object_component>
      <object_component id="oc-81">
         <name>.text</name>
         <load_address>0x8020</load_address>
         <run_address>0x8020</run_address>
         <size>0x2cdc</size>
         <input_file_ref idref="fl-2c"/>
      </object_component>
      <object_component id="oc-207">
         <name>.text</name>
         <load_address>0xacfc</load_address>
         <run_address>0xacfc</run_address>
         <size>0x1504</size>
         <input_file_ref idref="fl-12"/>
      </object_component>
      <object_component id="oc-7b">
         <name>.text</name>
         <load_address>0xc200</load_address>
         <run_address>0xc200</run_address>
         <size>0xb64</size>
         <input_file_ref idref="fl-2f"/>
      </object_component>
      <object_component id="oc-3c">
         <name>.text</name>
         <load_address>0xcd64</load_address>
         <run_address>0xcd64</run_address>
         <size>0xa58</size>
         <input_file_ref idref="fl-2e"/>
      </object_component>
      <object_component id="oc-18b">
         <name>.text</name>
         <load_address>0xd7bc</load_address>
         <run_address>0xd7bc</run_address>
         <size>0x8d8</size>
         <input_file_ref idref="fl-f"/>
      </object_component>
      <object_component id="oc-ef">
         <name>.text</name>
         <load_address>0xe094</load_address>
         <run_address>0xe094</run_address>
         <size>0x8b8</size>
         <input_file_ref idref="fl-1f"/>
      </object_component>
      <object_component id="oc-6f">
         <name>.text</name>
         <load_address>0xe94c</load_address>
         <run_address>0xe94c</run_address>
         <size>0x664</size>
         <input_file_ref idref="fl-a"/>
      </object_component>
      <object_component id="oc-87">
         <name>.text</name>
         <load_address>0xefb0</load_address>
         <run_address>0xefb0</run_address>
         <size>0x5bc</size>
         <input_file_ref idref="fl-b"/>
      </object_component>
      <object_component id="oc-191">
         <name>.text</name>
         <load_address>0xf56c</load_address>
         <run_address>0xf56c</run_address>
         <size>0x484</size>
         <input_file_ref idref="fl-d"/>
      </object_component>
      <object_component id="oc-aa">
         <name>.text</name>
         <load_address>0xf9f0</load_address>
         <run_address>0xf9f0</run_address>
         <size>0x3cc</size>
         <input_file_ref idref="fl-30"/>
      </object_component>
      <object_component id="oc-6a">
         <name>.text</name>
         <load_address>0xfdbc</load_address>
         <run_address>0xfdbc</run_address>
         <size>0x34c</size>
         <input_file_ref idref="fl-23"/>
      </object_component>
      <object_component id="oc-3b">
         <name>.text:retain</name>
         <load_address>0x10108</load_address>
         <run_address>0x10108</run_address>
         <size>0x2cc</size>
         <input_file_ref idref="fl-2e"/>
      </object_component>
      <object_component id="oc-1b">
         <name>.text:retain</name>
         <load_address>0x103d4</load_address>
         <run_address>0x103d4</run_address>
         <size>0x290</size>
         <input_file_ref idref="fl-2d"/>
      </object_component>
      <object_component id="oc-2e5">
         <name>.text</name>
         <load_address>0x10664</load_address>
         <run_address>0x10664</run_address>
         <size>0x278</size>
         <input_file_ref idref="fl-16"/>
      </object_component>
      <object_component id="oc-25c">
         <name>.text</name>
         <load_address>0x108dc</load_address>
         <run_address>0x108dc</run_address>
         <size>0x238</size>
         <input_file_ref idref="fl-17"/>
      </object_component>
      <object_component id="oc-96">
         <name>.text</name>
         <load_address>0x10b14</load_address>
         <run_address>0x10b14</run_address>
         <size>0x22c</size>
         <input_file_ref idref="fl-13"/>
      </object_component>
      <object_component id="oc-2a">
         <name>.text:retain</name>
         <load_address>0x10d40</load_address>
         <run_address>0x10d40</run_address>
         <size>0x1f0</size>
         <input_file_ref idref="fl-f"/>
      </object_component>
      <object_component id="oc-2fa">
         <name>.text</name>
         <load_address>0x10f30</load_address>
         <run_address>0x10f30</run_address>
         <size>0x1b4</size>
         <input_file_ref idref="fl-19"/>
      </object_component>
      <object_component id="oc-268">
         <name>.text</name>
         <load_address>0x110e4</load_address>
         <run_address>0x110e4</run_address>
         <size>0x164</size>
         <input_file_ref idref="fl-1c"/>
      </object_component>
      <object_component id="oc-21">
         <name>.text:retain</name>
         <load_address>0x11248</load_address>
         <run_address>0x11248</run_address>
         <size>0x114</size>
         <input_file_ref idref="fl-b"/>
      </object_component>
      <object_component id="oc-b4">
         <name>.text</name>
         <load_address>0x1135c</load_address>
         <run_address>0x1135c</run_address>
         <size>0xe8</size>
         <input_file_ref idref="fl-5"/>
      </object_component>
      <object_component id="oc-f7">
         <name>.text</name>
         <load_address>0x11444</load_address>
         <run_address>0x11444</run_address>
         <size>0xe0</size>
         <input_file_ref idref="fl-2b"/>
      </object_component>
      <object_component id="oc-135">
         <name>.text</name>
         <load_address>0x11524</load_address>
         <run_address>0x11524</run_address>
         <size>0xb8</size>
         <input_file_ref idref="fl-31"/>
      </object_component>
      <object_component id="oc-52">
         <name>.text</name>
         <load_address>0x115dc</load_address>
         <run_address>0x115dc</run_address>
         <size>0x9c</size>
         <input_file_ref idref="fl-38"/>
      </object_component>
      <object_component id="oc-e1">
         <name>.text</name>
         <load_address>0x11678</load_address>
         <run_address>0x11678</run_address>
         <size>0x7a</size>
         <input_file_ref idref="fl-37"/>
      </object_component>
      <object_component id="oc-e">
         <name>.text:decompress:lzss:__TI_decompress_lzss</name>
         <load_address>0x116f2</load_address>
         <run_address>0x116f2</run_address>
         <size>0x6c</size>
         <input_file_ref idref="fl-3e"/>
      </object_component>
      <object_component id="oc-105">
         <name>.text:__TI_auto_init_nobinit_nopinit:__TI_auto_init_nobinit_nopinit</name>
         <load_address>0x11760</load_address>
         <run_address>0x11760</run_address>
         <size>0x44</size>
         <input_file_ref idref="fl-3a"/>
      </object_component>
      <object_component id="oc-8e">
         <name>.text</name>
         <load_address>0x117a4</load_address>
         <run_address>0x117a4</run_address>
         <size>0x2c</size>
         <input_file_ref idref="fl-26"/>
      </object_component>
      <object_component id="oc-277">
         <name>.text:strlen</name>
         <load_address>0x117d0</load_address>
         <run_address>0x117d0</run_address>
         <size>0x16</size>
         <input_file_ref idref="fl-41"/>
      </object_component>
      <object_component id="oc-14">
         <name>.text:decompress:none:__TI_decompress_none</name>
         <load_address>0x117e6</load_address>
         <run_address>0x117e6</run_address>
         <size>0xe</size>
         <input_file_ref idref="fl-3d"/>
      </object_component>
      <object_component id="oc-64">
         <name>.text:decompress:ZI:__TI_zero_init</name>
         <load_address>0x117f4</load_address>
         <run_address>0x117f4</run_address>
         <size>0xc</size>
         <input_file_ref idref="fl-3c"/>
      </object_component>
      <object_component id="oc-13c">
         <name>.text:abort:abort</name>
         <load_address>0x11800</load_address>
         <run_address>0x11800</run_address>
         <size>0x4</size>
         <input_file_ref idref="fl-3f"/>
      </object_component>
      <object_component id="oc-35">
         <name>.text:retain</name>
         <load_address>0x11804</load_address>
         <run_address>0x11804</run_address>
         <size>0x4</size>
         <input_file_ref idref="fl-29"/>
      </object_component>
      <object_component id="oc-75">
         <name>.text</name>
         <load_address>0x11808</load_address>
         <run_address>0x11808</run_address>
         <size>0x4</size>
         <input_file_ref idref="fl-2d"/>
      </object_component>
      <object_component id="oc-27">
         <name>.const:s_vim_init</name>
         <load_address>0x1180c</load_address>
         <run_address>0x1180c</run_address>
         <size>0x200</size>
         <input_file_ref idref="fl-2e"/>
      </object_component>
      <object_component id="oc-15a">
         <name>.kernelBSS:init</name>
         <load_address>0x80008d0</load_address>
         <run_address>0x80008d0</run_address>
         <size>0x34</size>
         <input_file_ref idref="fl-1c"/>
      </object_component>
      <object_component id="oc-274">
         <name>.kernelBSS:uninit</name>
         <load_address>0x8000800</load_address>
         <run_address>0x8000800</run_address>
         <size>0xd0</size>
         <input_file_ref idref="fl-1c"/>
      </object_component>
      <object_component id="oc-30c">
         <name>.kernelBSS:uninit</name>
         <load_address>0x8000904</load_address>
         <run_address>0x8000904</run_address>
         <size>0x30</size>
         <input_file_ref idref="fl-1d"/>
      </object_component>
      <object_component id="oc-309">
         <name>.kernelBSS:init</name>
         <load_address>0x8000934</load_address>
         <run_address>0x8000934</run_address>
         <size>0xc</size>
         <input_file_ref idref="fl-1d"/>
      </object_component>
      <object_component id="oc-393">
         <name>.kernelHEAP</name>
         <uninitialized>true</uninitialized>
         <run_address>0x8001000</run_address>
         <size>0x2000</size>
         <input_file_ref idref="fl-16"/>
      </object_component>
      <object_component id="oc-b0">
         <name>.bss:g_i2cTransfer_t</name>
         <uninitialized>true</uninitialized>
         <run_address>0x8003018</run_address>
         <size>0xc</size>
         <input_file_ref idref="fl-f"/>
      </object_component>
      <object_component id="oc-2ee">
         <name>.bss:xStart</name>
         <uninitialized>true</uninitialized>
         <run_address>0x8003024</run_address>
         <size>0x8</size>
         <input_file_ref idref="fl-16"/>
      </object_component>
      <object_component id="oc-2eb">
         <name>.data</name>
         <load_address>0x8003000</load_address>
         <run_address>0x8003000</run_address>
         <size>0x10</size>
         <input_file_ref idref="fl-16"/>
      </object_component>
      <object_component id="oc-15d">
         <name>.data</name>
         <load_address>0x8003010</load_address>
         <run_address>0x8003010</run_address>
         <size>0x8</size>
         <input_file_ref idref="fl-19"/>
      </object_component>
      <object_component id="oc-1a2">
         <name>.debug_info</name>
         <load_address>0x0</load_address>
         <run_address>0x0</run_address>
         <size>0x30d</size>
         <input_file_ref idref="fl-2"/>
      </object_component>
      <object_component id="oc-1b7">
         <name>.debug_info</name>
         <load_address>0x30d</load_address>
         <run_address>0x30d</run_address>
         <size>0x791</size>
         <input_file_ref idref="fl-2"/>
      </object_component>
      <object_component id="oc-163">
         <name>.debug_info</name>
         <load_address>0xa9e</load_address>
         <run_address>0xa9e</run_address>
         <size>0x26b</size>
         <input_file_ref idref="fl-2"/>
      </object_component>
      <object_component id="oc-9d">
         <name>.debug_info</name>
         <load_address>0xd09</load_address>
         <run_address>0xd09</run_address>
         <size>0x157</size>
         <input_file_ref idref="fl-2"/>
      </object_component>
      <object_component id="oc-c1">
         <name>.debug_info</name>
         <load_address>0xe60</load_address>
         <run_address>0xe60</run_address>
         <size>0x8b</size>
         <input_file_ref idref="fl-2"/>
      </object_component>
      <object_component id="oc-bc">
         <name>.debug_info</name>
         <load_address>0xeeb</load_address>
         <run_address>0xeeb</run_address>
         <size>0x18c</size>
         <input_file_ref idref="fl-2"/>
      </object_component>
      <object_component id="oc-251">
         <name>.debug_info</name>
         <load_address>0x1077</load_address>
         <run_address>0x1077</run_address>
         <size>0x297</size>
         <input_file_ref idref="fl-2"/>
      </object_component>
      <object_component id="oc-14f">
         <name>.debug_info</name>
         <load_address>0x130e</load_address>
         <run_address>0x130e</run_address>
         <size>0xbb</size>
         <input_file_ref idref="fl-2"/>
      </object_component>
      <object_component id="oc-c6">
         <name>.debug_info</name>
         <load_address>0x13c9</load_address>
         <run_address>0x13c9</run_address>
         <size>0x86</size>
         <input_file_ref idref="fl-2"/>
      </object_component>
      <object_component id="oc-2a6">
         <name>.debug_info</name>
         <load_address>0x144f</load_address>
         <run_address>0x144f</run_address>
         <size>0x38f</size>
         <input_file_ref idref="fl-2"/>
      </object_component>
      <object_component id="oc-181">
         <name>.debug_info</name>
         <load_address>0x17de</load_address>
         <run_address>0x17de</run_address>
         <size>0x2d0</size>
         <input_file_ref idref="fl-2"/>
      </object_component>
      <object_component id="oc-2b5">
         <name>.debug_info</name>
         <load_address>0x1aae</load_address>
         <run_address>0x1aae</run_address>
         <size>0x2fc</size>
         <input_file_ref idref="fl-3"/>
      </object_component>
      <object_component id="oc-1c6">
         <name>.debug_info</name>
         <load_address>0x1daa</load_address>
         <run_address>0x1daa</run_address>
         <size>0x437</size>
         <input_file_ref idref="fl-3"/>
      </object_component>
      <object_component id="oc-347">
         <name>.debug_info</name>
         <load_address>0x21e1</load_address>
         <run_address>0x21e1</run_address>
         <size>0x15f</size>
         <input_file_ref idref="fl-3"/>
      </object_component>
      <object_component id="oc-2e0">
         <name>.debug_info</name>
         <load_address>0x2340</load_address>
         <run_address>0x2340</run_address>
         <size>0x2bd</size>
         <input_file_ref idref="fl-4"/>
      </object_component>
      <object_component id="oc-21f">
         <name>.debug_info</name>
         <load_address>0x25fd</load_address>
         <run_address>0x25fd</run_address>
         <size>0x3b8</size>
         <input_file_ref idref="fl-4"/>
      </object_component>
      <object_component id="oc-372">
         <name>.debug_info</name>
         <load_address>0x29b5</load_address>
         <run_address>0x29b5</run_address>
         <size>0x22c</size>
         <input_file_ref idref="fl-4"/>
      </object_component>
      <object_component id="oc-b5">
         <name>.debug_info</name>
         <load_address>0x2be1</load_address>
         <run_address>0x2be1</run_address>
         <size>0x104</size>
         <input_file_ref idref="fl-5"/>
      </object_component>
      <object_component id="oc-2e1">
         <name>.debug_info</name>
         <load_address>0x2ce5</load_address>
         <run_address>0x2ce5</run_address>
         <size>0x292</size>
         <input_file_ref idref="fl-6"/>
      </object_component>
      <object_component id="oc-379">
         <name>.debug_info</name>
         <load_address>0x2f77</load_address>
         <run_address>0x2f77</run_address>
         <size>0x155</size>
         <input_file_ref idref="fl-6"/>
      </object_component>
      <object_component id="oc-224">
         <name>.debug_info</name>
         <load_address>0x30cc</load_address>
         <run_address>0x30cc</run_address>
         <size>0x116</size>
         <input_file_ref idref="fl-6"/>
      </object_component>
      <object_component id="oc-2e2">
         <name>.debug_info</name>
         <load_address>0x31e2</load_address>
         <run_address>0x31e2</run_address>
         <size>0x2af</size>
         <input_file_ref idref="fl-7"/>
      </object_component>
      <object_component id="oc-380">
         <name>.debug_info</name>
         <load_address>0x3491</load_address>
         <run_address>0x3491</run_address>
         <size>0x359</size>
         <input_file_ref idref="fl-7"/>
      </object_component>
      <object_component id="oc-229">
         <name>.debug_info</name>
         <load_address>0x37ea</load_address>
         <run_address>0x37ea</run_address>
         <size>0x152</size>
         <input_file_ref idref="fl-7"/>
      </object_component>
      <object_component id="oc-292">
         <name>.debug_info</name>
         <load_address>0x393c</load_address>
         <run_address>0x393c</run_address>
         <size>0x5ee</size>
         <input_file_ref idref="fl-8"/>
      </object_component>
      <object_component id="oc-22e">
         <name>.debug_info</name>
         <load_address>0x3f2a</load_address>
         <run_address>0x3f2a</run_address>
         <size>0x515</size>
         <input_file_ref idref="fl-8"/>
      </object_component>
      <object_component id="oc-16d">
         <name>.debug_info</name>
         <load_address>0x443f</load_address>
         <run_address>0x443f</run_address>
         <size>0x435</size>
         <input_file_ref idref="fl-8"/>
      </object_component>
      <object_component id="oc-1e4">
         <name>.debug_info</name>
         <load_address>0x4874</load_address>
         <run_address>0x4874</run_address>
         <size>0x551</size>
         <input_file_ref idref="fl-8"/>
      </object_component>
      <object_component id="oc-172">
         <name>.debug_info</name>
         <load_address>0x4dc5</load_address>
         <run_address>0x4dc5</run_address>
         <size>0x1f9</size>
         <input_file_ref idref="fl-8"/>
      </object_component>
      <object_component id="oc-177">
         <name>.debug_info</name>
         <load_address>0x4fbe</load_address>
         <run_address>0x4fbe</run_address>
         <size>0x6a6</size>
         <input_file_ref idref="fl-8"/>
      </object_component>
      <object_component id="oc-17c">
         <name>.debug_info</name>
         <load_address>0x5664</load_address>
         <run_address>0x5664</run_address>
         <size>0x13e</size>
         <input_file_ref idref="fl-8"/>
      </object_component>
      <object_component id="oc-2e3">
         <name>.debug_info</name>
         <load_address>0x57a2</load_address>
         <run_address>0x57a2</run_address>
         <size>0x293</size>
         <input_file_ref idref="fl-9"/>
      </object_component>
      <object_component id="oc-387">
         <name>.debug_info</name>
         <load_address>0x5a35</load_address>
         <run_address>0x5a35</run_address>
         <size>0x669</size>
         <input_file_ref idref="fl-9"/>
      </object_component>
      <object_component id="oc-233">
         <name>.debug_info</name>
         <load_address>0x609e</load_address>
         <run_address>0x609e</run_address>
         <size>0x22e</size>
         <input_file_ref idref="fl-9"/>
      </object_component>
      <object_component id="oc-1b2">
         <name>.debug_info</name>
         <load_address>0x62cc</load_address>
         <run_address>0x62cc</run_address>
         <size>0x2bc</size>
         <input_file_ref idref="fl-a"/>
      </object_component>
      <object_component id="oc-72">
         <name>.debug_info</name>
         <load_address>0x6588</load_address>
         <run_address>0x6588</run_address>
         <size>0x665</size>
         <input_file_ref idref="fl-a"/>
      </object_component>
      <object_component id="oc-4d">
         <name>.debug_info</name>
         <load_address>0x6bed</load_address>
         <run_address>0x6bed</run_address>
         <size>0x84</size>
         <input_file_ref idref="fl-a"/>
      </object_component>
      <object_component id="oc-e9">
         <name>.debug_info</name>
         <load_address>0x6c71</load_address>
         <run_address>0x6c71</run_address>
         <size>0x9e7</size>
         <input_file_ref idref="fl-a"/>
      </object_component>
      <object_component id="oc-104">
         <name>.debug_info</name>
         <load_address>0x7658</load_address>
         <run_address>0x7658</run_address>
         <size>0x314</size>
         <input_file_ref idref="fl-b"/>
      </object_component>
      <object_component id="oc-88">
         <name>.debug_info</name>
         <load_address>0x796c</load_address>
         <run_address>0x796c</run_address>
         <size>0xbb1</size>
         <input_file_ref idref="fl-b"/>
      </object_component>
      <object_component id="oc-22">
         <name>.debug_info</name>
         <load_address>0x851d</load_address>
         <run_address>0x851d</run_address>
         <size>0x191</size>
         <input_file_ref idref="fl-b"/>
      </object_component>
      <object_component id="oc-168">
         <name>.debug_info</name>
         <load_address>0x86ae</load_address>
         <run_address>0x86ae</run_address>
         <size>0x1de</size>
         <input_file_ref idref="fl-b"/>
      </object_component>
      <object_component id="oc-ff">
         <name>.debug_info</name>
         <load_address>0x888c</load_address>
         <run_address>0x888c</run_address>
         <size>0x129</size>
         <input_file_ref idref="fl-b"/>
      </object_component>
      <object_component id="oc-2b7">
         <name>.debug_info</name>
         <load_address>0x89b5</load_address>
         <run_address>0x89b5</run_address>
         <size>0x2b1</size>
         <input_file_ref idref="fl-c"/>
      </object_component>
      <object_component id="oc-355">
         <name>.debug_info</name>
         <load_address>0x8c66</load_address>
         <run_address>0x8c66</run_address>
         <size>0xc6d</size>
         <input_file_ref idref="fl-c"/>
      </object_component>
      <object_component id="oc-238">
         <name>.debug_info</name>
         <load_address>0x98d3</load_address>
         <run_address>0x98d3</run_address>
         <size>0x396</size>
         <input_file_ref idref="fl-c"/>
      </object_component>
      <object_component id="oc-1d5">
         <name>.debug_info</name>
         <load_address>0x9c69</load_address>
         <run_address>0x9c69</run_address>
         <size>0x508</size>
         <input_file_ref idref="fl-c"/>
      </object_component>
      <object_component id="oc-2af">
         <name>.debug_info</name>
         <load_address>0xa171</load_address>
         <run_address>0xa171</run_address>
         <size>0x43c</size>
         <input_file_ref idref="fl-c"/>
      </object_component>
      <object_component id="oc-297">
         <name>.debug_info</name>
         <load_address>0xa5ad</load_address>
         <run_address>0xa5ad</run_address>
         <size>0x297</size>
         <input_file_ref idref="fl-d"/>
      </object_component>
      <object_component id="oc-193">
         <name>.debug_info</name>
         <load_address>0xa844</load_address>
         <run_address>0xa844</run_address>
         <size>0x731</size>
         <input_file_ref idref="fl-d"/>
      </object_component>
      <object_component id="oc-33c">
         <name>.debug_info</name>
         <load_address>0xaf75</load_address>
         <run_address>0xaf75</run_address>
         <size>0x12a</size>
         <input_file_ref idref="fl-d"/>
      </object_component>
      <object_component id="oc-2b6">
         <name>.debug_info</name>
         <load_address>0xb09f</load_address>
         <run_address>0xb09f</run_address>
         <size>0x2ed</size>
         <input_file_ref idref="fl-e"/>
      </object_component>
      <object_component id="oc-1aa">
         <name>.debug_info</name>
         <load_address>0xb38c</load_address>
         <run_address>0xb38c</run_address>
         <size>0x2c</size>
         <input_file_ref idref="fl-e"/>
      </object_component>
      <object_component id="oc-1d0">
         <name>.debug_info</name>
         <load_address>0xb3b8</load_address>
         <run_address>0xb3b8</run_address>
         <size>0x3d3</size>
         <input_file_ref idref="fl-e"/>
      </object_component>
      <object_component id="oc-34e">
         <name>.debug_info</name>
         <load_address>0xb78b</load_address>
         <run_address>0xb78b</run_address>
         <size>0x2e3</size>
         <input_file_ref idref="fl-e"/>
      </object_component>
      <object_component id="oc-295">
         <name>.debug_info</name>
         <load_address>0xba6e</load_address>
         <run_address>0xba6e</run_address>
         <size>0x2d8</size>
         <input_file_ref idref="fl-f"/>
      </object_component>
      <object_component id="oc-b1">
         <name>.debug_info</name>
         <load_address>0xbd46</load_address>
         <run_address>0xbd46</run_address>
         <size>0xe8</size>
         <input_file_ref idref="fl-f"/>
      </object_component>
      <object_component id="oc-18c">
         <name>.debug_info</name>
         <load_address>0xbe2e</load_address>
         <run_address>0xbe2e</run_address>
         <size>0x1083</size>
         <input_file_ref idref="fl-f"/>
      </object_component>
      <object_component id="oc-2b">
         <name>.debug_info</name>
         <load_address>0xceb1</load_address>
         <run_address>0xceb1</run_address>
         <size>0x1fd</size>
         <input_file_ref idref="fl-f"/>
      </object_component>
      <object_component id="oc-19c">
         <name>.debug_info</name>
         <load_address>0xd0ae</load_address>
         <run_address>0xd0ae</run_address>
         <size>0x69</size>
         <input_file_ref idref="fl-f"/>
      </object_component>
      <object_component id="oc-23d">
         <name>.debug_info</name>
         <load_address>0xd117</load_address>
         <run_address>0xd117</run_address>
         <size>0x2e2</size>
         <input_file_ref idref="fl-f"/>
      </object_component>
      <object_component id="oc-335">
         <name>.debug_info</name>
         <load_address>0xd3f9</load_address>
         <run_address>0xd3f9</run_address>
         <size>0x34f</size>
         <input_file_ref idref="fl-f"/>
      </object_component>
      <object_component id="oc-2e4">
         <name>.debug_info</name>
         <load_address>0xd748</load_address>
         <run_address>0xd748</run_address>
         <size>0x2c3</size>
         <input_file_ref idref="fl-10"/>
      </object_component>
      <object_component id="oc-242">
         <name>.debug_info</name>
         <load_address>0xda0b</load_address>
         <run_address>0xda0b</run_address>
         <size>0x2bc</size>
         <input_file_ref idref="fl-10"/>
      </object_component>
      <object_component id="oc-38e">
         <name>.debug_info</name>
         <load_address>0xdcc7</load_address>
         <run_address>0xdcc7</run_address>
         <size>0x186</size>
         <input_file_ref idref="fl-10"/>
      </object_component>
      <object_component id="oc-2b4">
         <name>.debug_info</name>
         <load_address>0xde4d</load_address>
         <run_address>0xde4d</run_address>
         <size>0x2f8</size>
         <input_file_ref idref="fl-12"/>
      </object_component>
      <object_component id="oc-208">
         <name>.debug_info</name>
         <load_address>0xe145</load_address>
         <run_address>0xe145</run_address>
         <size>0xcee</size>
         <input_file_ref idref="fl-12"/>
      </object_component>
      <object_component id="oc-1bc">
         <name>.debug_info</name>
         <load_address>0xee33</load_address>
         <run_address>0xee33</run_address>
         <size>0x4de</size>
         <input_file_ref idref="fl-12"/>
      </object_component>
      <object_component id="oc-2cd">
         <name>.debug_info</name>
         <load_address>0xf311</load_address>
         <run_address>0xf311</run_address>
         <size>0x44e</size>
         <input_file_ref idref="fl-12"/>
      </object_component>
      <object_component id="oc-149">
         <name>.debug_info</name>
         <load_address>0xf75f</load_address>
         <run_address>0xf75f</run_address>
         <size>0x5fb</size>
         <input_file_ref idref="fl-13"/>
      </object_component>
      <object_component id="oc-97">
         <name>.debug_info</name>
         <load_address>0xfd5a</load_address>
         <run_address>0xfd5a</run_address>
         <size>0x179d</size>
         <input_file_ref idref="fl-13"/>
      </object_component>
      <object_component id="oc-1c1">
         <name>.debug_info</name>
         <load_address>0x114f7</load_address>
         <run_address>0x114f7</run_address>
         <size>0x3ce</size>
         <input_file_ref idref="fl-13"/>
      </object_component>
      <object_component id="oc-21a">
         <name>.debug_info</name>
         <load_address>0x118c5</load_address>
         <run_address>0x118c5</run_address>
         <size>0x7cd</size>
         <input_file_ref idref="fl-13"/>
      </object_component>
      <object_component id="oc-14a">
         <name>.debug_info</name>
         <load_address>0x12092</load_address>
         <run_address>0x12092</run_address>
         <size>0x673</size>
         <input_file_ref idref="fl-13"/>
      </object_component>
      <object_component id="oc-1f1">
         <name>.debug_info</name>
         <load_address>0x12705</load_address>
         <run_address>0x12705</run_address>
         <size>0x37b</size>
         <input_file_ref idref="fl-13"/>
      </object_component>
      <object_component id="oc-1cb">
         <name>.debug_info</name>
         <load_address>0x12a80</load_address>
         <run_address>0x12a80</run_address>
         <size>0x1ca</size>
         <input_file_ref idref="fl-13"/>
      </object_component>
      <object_component id="oc-1da">
         <name>.debug_info</name>
         <load_address>0x12c4a</load_address>
         <run_address>0x12c4a</run_address>
         <size>0x1de</size>
         <input_file_ref idref="fl-13"/>
      </object_component>
      <object_component id="oc-247">
         <name>.debug_info</name>
         <load_address>0x12e28</load_address>
         <run_address>0x12e28</run_address>
         <size>0x243</size>
         <input_file_ref idref="fl-13"/>
      </object_component>
      <object_component id="oc-24c">
         <name>.debug_info</name>
         <load_address>0x1306b</load_address>
         <run_address>0x1306b</run_address>
         <size>0x26c</size>
         <input_file_ref idref="fl-13"/>
      </object_component>
      <object_component id="oc-1e9">
         <name>.debug_info</name>
         <load_address>0x132d7</load_address>
         <run_address>0x132d7</run_address>
         <size>0x17a</size>
         <input_file_ref idref="fl-13"/>
      </object_component>
      <object_component id="oc-324">
         <name>.debug_info</name>
         <load_address>0x13451</load_address>
         <run_address>0x13451</run_address>
         <size>0x1e3</size>
         <input_file_ref idref="fl-14"/>
      </object_component>
      <object_component id="oc-289">
         <name>.debug_info</name>
         <load_address>0x13634</load_address>
         <run_address>0x13634</run_address>
         <size>0x30c</size>
         <input_file_ref idref="fl-14"/>
      </object_component>
      <object_component id="oc-32c">
         <name>.debug_info</name>
         <load_address>0x13940</load_address>
         <run_address>0x13940</run_address>
         <size>0x395</size>
         <input_file_ref idref="fl-14"/>
      </object_component>
      <object_component id="oc-27e">
         <name>.debug_info</name>
         <load_address>0x13cd5</load_address>
         <run_address>0x13cd5</run_address>
         <size>0xe1</size>
         <input_file_ref idref="fl-14"/>
      </object_component>
      <object_component id="oc-3b9">
         <name>.debug_info</name>
         <load_address>0x13db6</load_address>
         <run_address>0x13db6</run_address>
         <size>0xcc</size>
         <input_file_ref idref="fl-14"/>
      </object_component>
      <object_component id="oc-284">
         <name>.debug_info</name>
         <load_address>0x13e82</load_address>
         <run_address>0x13e82</run_address>
         <size>0x2c</size>
         <input_file_ref idref="fl-14"/>
      </object_component>
      <object_component id="oc-31d">
         <name>.debug_info</name>
         <load_address>0x13eae</load_address>
         <run_address>0x13eae</run_address>
         <size>0x14c</size>
         <input_file_ref idref="fl-14"/>
      </object_component>
      <object_component id="oc-3a2">
         <name>.debug_info</name>
         <load_address>0x13ffa</load_address>
         <run_address>0x13ffa</run_address>
         <size>0x688</size>
         <input_file_ref idref="fl-15"/>
      </object_component>
      <object_component id="oc-2f3">
         <name>.debug_info</name>
         <load_address>0x14682</load_address>
         <run_address>0x14682</run_address>
         <size>0x110</size>
         <input_file_ref idref="fl-15"/>
      </object_component>
      <object_component id="oc-3c4">
         <name>.debug_info</name>
         <load_address>0x14792</load_address>
         <run_address>0x14792</run_address>
         <size>0x39</size>
         <input_file_ref idref="fl-15"/>
      </object_component>
      <object_component id="oc-310">
         <name>.debug_info</name>
         <load_address>0x147cb</load_address>
         <run_address>0x147cb</run_address>
         <size>0x46</size>
         <input_file_ref idref="fl-15"/>
      </object_component>
      <object_component id="oc-3c9">
         <name>.debug_info</name>
         <load_address>0x14811</load_address>
         <run_address>0x14811</run_address>
         <size>0x62</size>
         <input_file_ref idref="fl-15"/>
      </object_component>
      <object_component id="oc-2f2">
         <name>.debug_info</name>
         <load_address>0x14873</load_address>
         <run_address>0x14873</run_address>
         <size>0x430</size>
         <input_file_ref idref="fl-16"/>
      </object_component>
      <object_component id="oc-394">
         <name>.debug_info</name>
         <load_address>0x14ca3</load_address>
         <run_address>0x14ca3</run_address>
         <size>0xda</size>
         <input_file_ref idref="fl-16"/>
      </object_component>
      <object_component id="oc-2ef">
         <name>.debug_info</name>
         <load_address>0x14d7d</load_address>
         <run_address>0x14d7d</run_address>
         <size>0xda</size>
         <input_file_ref idref="fl-16"/>
      </object_component>
      <object_component id="oc-2ec">
         <name>.debug_info</name>
         <load_address>0x14e57</load_address>
         <run_address>0x14e57</run_address>
         <size>0x18e</size>
         <input_file_ref idref="fl-16"/>
      </object_component>
      <object_component id="oc-257">
         <name>.debug_info</name>
         <load_address>0x14fe5</load_address>
         <run_address>0x14fe5</run_address>
         <size>0x55f</size>
         <input_file_ref idref="fl-16"/>
      </object_component>
      <object_component id="oc-2e6">
         <name>.debug_info</name>
         <load_address>0x15544</load_address>
         <run_address>0x15544</run_address>
         <size>0x2c1</size>
         <input_file_ref idref="fl-16"/>
      </object_component>
      <object_component id="oc-39b">
         <name>.debug_info</name>
         <load_address>0x15805</load_address>
         <run_address>0x15805</run_address>
         <size>0x62</size>
         <input_file_ref idref="fl-16"/>
      </object_component>
      <object_component id="oc-2f9">
         <name>.debug_info</name>
         <load_address>0x15867</load_address>
         <run_address>0x15867</run_address>
         <size>0x36b</size>
         <input_file_ref idref="fl-17"/>
      </object_component>
      <object_component id="oc-25d">
         <name>.debug_info</name>
         <load_address>0x15bd2</load_address>
         <run_address>0x15bd2</run_address>
         <size>0x4e0</size>
         <input_file_ref idref="fl-17"/>
      </object_component>
      <object_component id="oc-3ce">
         <name>.debug_info</name>
         <load_address>0x160b2</load_address>
         <run_address>0x160b2</run_address>
         <size>0x10b2</size>
         <input_file_ref idref="fl-18"/>
      </object_component>
      <object_component id="oc-3a9">
         <name>.debug_info</name>
         <load_address>0x17164</load_address>
         <run_address>0x17164</run_address>
         <size>0x46</size>
         <input_file_ref idref="fl-18"/>
      </object_component>
      <object_component id="oc-301">
         <name>.debug_info</name>
         <load_address>0x171aa</load_address>
         <run_address>0x171aa</run_address>
         <size>0x483</size>
         <input_file_ref idref="fl-19"/>
      </object_component>
      <object_component id="oc-15e">
         <name>.debug_info</name>
         <load_address>0x1762d</load_address>
         <run_address>0x1762d</run_address>
         <size>0x128</size>
         <input_file_ref idref="fl-19"/>
      </object_component>
      <object_component id="oc-263">
         <name>.debug_info</name>
         <load_address>0x17755</load_address>
         <run_address>0x17755</run_address>
         <size>0x5dc</size>
         <input_file_ref idref="fl-19"/>
      </object_component>
      <object_component id="oc-2fc">
         <name>.debug_info</name>
         <load_address>0x17d31</load_address>
         <run_address>0x17d31</run_address>
         <size>0x379</size>
         <input_file_ref idref="fl-19"/>
      </object_component>
      <object_component id="oc-a5">
         <name>.debug_info</name>
         <load_address>0x180aa</load_address>
         <run_address>0x180aa</run_address>
         <size>0x521</size>
         <input_file_ref idref="fl-1a"/>
      </object_component>
      <object_component id="oc-3ae">
         <name>.debug_info</name>
         <load_address>0x185cb</load_address>
         <run_address>0x185cb</run_address>
         <size>0x809</size>
         <input_file_ref idref="fl-1b"/>
      </object_component>
      <object_component id="oc-304">
         <name>.debug_info</name>
         <load_address>0x18dd4</load_address>
         <run_address>0x18dd4</run_address>
         <size>0x291d</size>
         <input_file_ref idref="fl-1b"/>
      </object_component>
      <object_component id="oc-3d1">
         <name>.debug_info</name>
         <load_address>0x1b6f1</load_address>
         <run_address>0x1b6f1</run_address>
         <size>0x155</size>
         <input_file_ref idref="fl-1b"/>
      </object_component>
      <object_component id="oc-283">
         <name>.debug_info</name>
         <load_address>0x1b846</load_address>
         <run_address>0x1b846</run_address>
         <size>0x890</size>
         <input_file_ref idref="fl-1c"/>
      </object_component>
      <object_component id="oc-15b">
         <name>.debug_info</name>
         <load_address>0x1c0d6</load_address>
         <run_address>0x1c0d6</run_address>
         <size>0x34b</size>
         <input_file_ref idref="fl-1c"/>
      </object_component>
      <object_component id="oc-275">
         <name>.debug_info</name>
         <load_address>0x1c421</load_address>
         <run_address>0x1c421</run_address>
         <size>0x277</size>
         <input_file_ref idref="fl-1c"/>
      </object_component>
      <object_component id="oc-157">
         <name>.debug_info</name>
         <load_address>0x1c698</load_address>
         <run_address>0x1c698</run_address>
         <size>0x52af</size>
         <input_file_ref idref="fl-1c"/>
      </object_component>
      <object_component id="oc-26a">
         <name>.debug_info</name>
         <load_address>0x21947</load_address>
         <run_address>0x21947</run_address>
         <size>0x411</size>
         <input_file_ref idref="fl-1c"/>
      </object_component>
      <object_component id="oc-327">
         <name>.debug_info</name>
         <load_address>0x21d58</load_address>
         <run_address>0x21d58</run_address>
         <size>0x17a</size>
         <input_file_ref idref="fl-1c"/>
      </object_component>
      <object_component id="oc-315">
         <name>.debug_info</name>
         <load_address>0x21ed2</load_address>
         <run_address>0x21ed2</run_address>
         <size>0x840</size>
         <input_file_ref idref="fl-1d"/>
      </object_component>
      <object_component id="oc-30d">
         <name>.debug_info</name>
         <load_address>0x22712</load_address>
         <run_address>0x22712</run_address>
         <size>0x18d</size>
         <input_file_ref idref="fl-1d"/>
      </object_component>
      <object_component id="oc-30a">
         <name>.debug_info</name>
         <load_address>0x2289f</load_address>
         <run_address>0x2289f</run_address>
         <size>0x115</size>
         <input_file_ref idref="fl-1d"/>
      </object_component>
      <object_component id="oc-26f">
         <name>.debug_info</name>
         <load_address>0x229b4</load_address>
         <run_address>0x229b4</run_address>
         <size>0x1d0c</size>
         <input_file_ref idref="fl-1d"/>
      </object_component>
      <object_component id="oc-316">
         <name>.debug_info</name>
         <load_address>0x246c0</load_address>
         <run_address>0x246c0</run_address>
         <size>0x1ba</size>
         <input_file_ref idref="fl-1d"/>
      </object_component>
      <object_component id="oc-1b4">
         <name>.debug_info</name>
         <load_address>0x2487a</load_address>
         <run_address>0x2487a</run_address>
         <size>0x27e</size>
         <input_file_ref idref="fl-1f"/>
      </object_component>
      <object_component id="oc-f0">
         <name>.debug_info</name>
         <load_address>0x24af8</load_address>
         <run_address>0x24af8</run_address>
         <size>0x1f7</size>
         <input_file_ref idref="fl-1f"/>
      </object_component>
      <object_component id="oc-6c">
         <name>.debug_info</name>
         <load_address>0x24cef</load_address>
         <run_address>0x24cef</run_address>
         <size>0x871</size>
         <input_file_ref idref="fl-23"/>
      </object_component>
      <object_component id="oc-31">
         <name>.debug_info</name>
         <load_address>0x25560</load_address>
         <run_address>0x25560</run_address>
         <size>0x10c</size>
         <input_file_ref idref="fl-25"/>
      </object_component>
      <object_component id="oc-341">
         <name>.debug_info</name>
         <load_address>0x2566c</load_address>
         <run_address>0x2566c</run_address>
         <size>0x3a9</size>
         <input_file_ref idref="fl-26"/>
      </object_component>
      <object_component id="oc-90">
         <name>.debug_info</name>
         <load_address>0x25a15</load_address>
         <run_address>0x25a15</run_address>
         <size>0x1d7</size>
         <input_file_ref idref="fl-26"/>
      </object_component>
      <object_component id="oc-29f">
         <name>.debug_info</name>
         <load_address>0x25bec</load_address>
         <run_address>0x25bec</run_address>
         <size>0x395</size>
         <input_file_ref idref="fl-26"/>
      </object_component>
      <object_component id="oc-29a">
         <name>.debug_info</name>
         <load_address>0x25f81</load_address>
         <run_address>0x25f81</run_address>
         <size>0xda</size>
         <input_file_ref idref="fl-26"/>
      </object_component>
      <object_component id="oc-2b8">
         <name>.debug_info</name>
         <load_address>0x2605b</load_address>
         <run_address>0x2605b</run_address>
         <size>0x29d</size>
         <input_file_ref idref="fl-28"/>
      </object_component>
      <object_component id="oc-35c">
         <name>.debug_info</name>
         <load_address>0x262f8</load_address>
         <run_address>0x262f8</run_address>
         <size>0x242</size>
         <input_file_ref idref="fl-28"/>
      </object_component>
      <object_component id="oc-1df">
         <name>.debug_info</name>
         <load_address>0x2653a</load_address>
         <run_address>0x2653a</run_address>
         <size>0x2af</size>
         <input_file_ref idref="fl-28"/>
      </object_component>
      <object_component id="oc-36">
         <name>.debug_info</name>
         <load_address>0x267e9</load_address>
         <run_address>0x267e9</run_address>
         <size>0x142</size>
         <input_file_ref idref="fl-29"/>
      </object_component>
      <object_component id="oc-fa">
         <name>.debug_info</name>
         <load_address>0x2692b</load_address>
         <run_address>0x2692b</run_address>
         <size>0x397</size>
         <input_file_ref idref="fl-2b"/>
      </object_component>
      <object_component id="oc-fd">
         <name>.debug_info</name>
         <load_address>0x26cc2</load_address>
         <run_address>0x26cc2</run_address>
         <size>0x66d</size>
         <input_file_ref idref="fl-2c"/>
      </object_component>
      <object_component id="oc-82">
         <name>.debug_info</name>
         <load_address>0x2732f</load_address>
         <run_address>0x2732f</run_address>
         <size>0x3034</size>
         <input_file_ref idref="fl-2c"/>
      </object_component>
      <object_component id="oc-1f">
         <name>.debug_info</name>
         <load_address>0x2a363</load_address>
         <run_address>0x2a363</run_address>
         <size>0x5e8</size>
         <input_file_ref idref="fl-2d"/>
      </object_component>
      <object_component id="oc-79">
         <name>.debug_info</name>
         <load_address>0x2a94b</load_address>
         <run_address>0x2a94b</run_address>
         <size>0x13b</size>
         <input_file_ref idref="fl-2d"/>
      </object_component>
      <object_component id="oc-a9">
         <name>.debug_info</name>
         <load_address>0x2aa86</load_address>
         <run_address>0x2aa86</run_address>
         <size>0x4c5</size>
         <input_file_ref idref="fl-2e"/>
      </object_component>
      <object_component id="oc-28">
         <name>.debug_info</name>
         <load_address>0x2af4b</load_address>
         <run_address>0x2af4b</run_address>
         <size>0xe2</size>
         <input_file_ref idref="fl-2e"/>
      </object_component>
      <object_component id="oc-3d">
         <name>.debug_info</name>
         <load_address>0x2b02d</load_address>
         <run_address>0x2b02d</run_address>
         <size>0x49c</size>
         <input_file_ref idref="fl-2e"/>
      </object_component>
      <object_component id="oc-42">
         <name>.debug_info</name>
         <load_address>0x2b4c9</load_address>
         <run_address>0x2b4c9</run_address>
         <size>0x205</size>
         <input_file_ref idref="fl-2e"/>
      </object_component>
      <object_component id="oc-186">
         <name>.debug_info</name>
         <load_address>0x2b6ce</load_address>
         <run_address>0x2b6ce</run_address>
         <size>0x4f</size>
         <input_file_ref idref="fl-2e"/>
      </object_component>
      <object_component id="oc-f6">
         <name>.debug_info</name>
         <load_address>0x2b71d</load_address>
         <run_address>0x2b71d</run_address>
         <size>0x51a</size>
         <input_file_ref idref="fl-2f"/>
      </object_component>
      <object_component id="oc-7e">
         <name>.debug_info</name>
         <load_address>0x2bc37</load_address>
         <run_address>0x2bc37</run_address>
         <size>0x82f</size>
         <input_file_ref idref="fl-2f"/>
      </object_component>
      <object_component id="oc-198">
         <name>.debug_info</name>
         <load_address>0x2c466</load_address>
         <run_address>0x2c466</run_address>
         <size>0x731</size>
         <input_file_ref idref="fl-30"/>
      </object_component>
      <object_component id="oc-ab">
         <name>.debug_info</name>
         <load_address>0x2cb97</load_address>
         <run_address>0x2cb97</run_address>
         <size>0x70d</size>
         <input_file_ref idref="fl-30"/>
      </object_component>
      <object_component id="oc-136">
         <name>.debug_info</name>
         <load_address>0x2d2a4</load_address>
         <run_address>0x2d2a4</run_address>
         <size>0x326</size>
         <input_file_ref idref="fl-31"/>
      </object_component>
      <object_component id="oc-e2">
         <name>.debug_info</name>
         <load_address>0x2d5ca</load_address>
         <run_address>0x2d5ca</run_address>
         <size>0x13f</size>
         <input_file_ref idref="fl-37"/>
      </object_component>
      <object_component id="oc-53">
         <name>.debug_info</name>
         <load_address>0x2d709</load_address>
         <run_address>0x2d709</run_address>
         <size>0x111</size>
         <input_file_ref idref="fl-38"/>
      </object_component>
      <object_component id="oc-1f9">
         <name>.debug_info</name>
         <load_address>0x2d81a</load_address>
         <run_address>0x2d81a</run_address>
         <size>0x547</size>
         <input_file_ref idref="fl-3a"/>
      </object_component>
      <object_component id="oc-106">
         <name>.debug_info</name>
         <load_address>0x2dd61</load_address>
         <run_address>0x2dd61</run_address>
         <size>0x19b</size>
         <input_file_ref idref="fl-3a"/>
      </object_component>
      <object_component id="oc-2bb">
         <name>.debug_info</name>
         <load_address>0x2defc</load_address>
         <run_address>0x2defc</run_address>
         <size>0x39</size>
         <input_file_ref idref="fl-3a"/>
      </object_component>
      <object_component id="oc-361">
         <name>.debug_info</name>
         <load_address>0x2df35</load_address>
         <run_address>0x2df35</run_address>
         <size>0x39</size>
         <input_file_ref idref="fl-3a"/>
      </object_component>
      <object_component id="oc-2c0">
         <name>.debug_info</name>
         <load_address>0x2df6e</load_address>
         <run_address>0x2df6e</run_address>
         <size>0x39</size>
         <input_file_ref idref="fl-3a"/>
      </object_component>
      <object_component id="oc-2c5">
         <name>.debug_info</name>
         <load_address>0x2dfa7</load_address>
         <run_address>0x2dfa7</run_address>
         <size>0xcd</size>
         <input_file_ref idref="fl-3a"/>
      </object_component>
      <object_component id="oc-e0">
         <name>.debug_info</name>
         <load_address>0x2e074</load_address>
         <run_address>0x2e074</run_address>
         <size>0x313</size>
         <input_file_ref idref="fl-3c"/>
      </object_component>
      <object_component id="oc-67">
         <name>.debug_info</name>
         <load_address>0x2e387</load_address>
         <run_address>0x2e387</run_address>
         <size>0x1aa</size>
         <input_file_ref idref="fl-3c"/>
      </object_component>
      <object_component id="oc-db">
         <name>.debug_info</name>
         <load_address>0x2e531</load_address>
         <run_address>0x2e531</run_address>
         <size>0x46</size>
         <input_file_ref idref="fl-3c"/>
      </object_component>
      <object_component id="oc-5d">
         <name>.debug_info</name>
         <load_address>0x2e577</load_address>
         <run_address>0x2e577</run_address>
         <size>0x298</size>
         <input_file_ref idref="fl-3d"/>
      </object_component>
      <object_component id="oc-16">
         <name>.debug_info</name>
         <load_address>0x2e80f</load_address>
         <run_address>0x2e80f</run_address>
         <size>0x1ca</size>
         <input_file_ref idref="fl-3d"/>
      </object_component>
      <object_component id="oc-58">
         <name>.debug_info</name>
         <load_address>0x2e9d9</load_address>
         <run_address>0x2e9d9</run_address>
         <size>0x46</size>
         <input_file_ref idref="fl-3d"/>
      </object_component>
      <object_component id="oc-d3">
         <name>.debug_info</name>
         <load_address>0x2ea1f</load_address>
         <run_address>0x2ea1f</run_address>
         <size>0x2c</size>
         <input_file_ref idref="fl-3d"/>
      </object_component>
      <object_component id="oc-d1">
         <name>.debug_info</name>
         <load_address>0x2ea4b</load_address>
         <run_address>0x2ea4b</run_address>
         <size>0x293</size>
         <input_file_ref idref="fl-3e"/>
      </object_component>
      <object_component id="oc-f">
         <name>.debug_info</name>
         <load_address>0x2ecde</load_address>
         <run_address>0x2ecde</run_address>
         <size>0x245</size>
         <input_file_ref idref="fl-3e"/>
      </object_component>
      <object_component id="oc-48">
         <name>.debug_info</name>
         <load_address>0x2ef23</load_address>
         <run_address>0x2ef23</run_address>
         <size>0x60</size>
         <input_file_ref idref="fl-3e"/>
      </object_component>
      <object_component id="oc-1a3">
         <name>.debug_info</name>
         <load_address>0x2ef83</load_address>
         <run_address>0x2ef83</run_address>
         <size>0x46</size>
         <input_file_ref idref="fl-3e"/>
      </object_component>
      <object_component id="oc-cc">
         <name>.debug_info</name>
         <load_address>0x2efc9</load_address>
         <run_address>0x2efc9</run_address>
         <size>0x39</size>
         <input_file_ref idref="fl-3e"/>
      </object_component>
      <object_component id="oc-13d">
         <name>.debug_info</name>
         <load_address>0x2f002</load_address>
         <run_address>0x2f002</run_address>
         <size>0x117</size>
         <input_file_ref idref="fl-3f"/>
      </object_component>
      <object_component id="oc-323">
         <name>.debug_info</name>
         <load_address>0x2f119</load_address>
         <run_address>0x2f119</run_address>
         <size>0x284</size>
         <input_file_ref idref="fl-41"/>
      </object_component>
      <object_component id="oc-279">
         <name>.debug_info</name>
         <load_address>0x2f39d</load_address>
         <run_address>0x2f39d</run_address>
         <size>0x22a</size>
         <input_file_ref idref="fl-41"/>
      </object_component>
      <object_component id="oc-402">
         <name>.debug_info</name>
         <load_address>0x2f5c7</load_address>
         <run_address>0x2f5c7</run_address>
         <size>0xa3</size>
      </object_component>
      <object_component id="oc-2a5">
         <name>.debug_line</name>
         <load_address>0x0</load_address>
         <run_address>0x0</run_address>
         <size>0x20</size>
         <input_file_ref idref="fl-2"/>
      </object_component>
      <object_component id="oc-1ba">
         <name>.debug_line</name>
         <load_address>0x20</load_address>
         <run_address>0x20</run_address>
         <size>0x68</size>
         <input_file_ref idref="fl-2"/>
      </object_component>
      <object_component id="oc-166">
         <name>.debug_line</name>
         <load_address>0x88</load_address>
         <run_address>0x88</run_address>
         <size>0x69</size>
         <input_file_ref idref="fl-2"/>
      </object_component>
      <object_component id="oc-a0">
         <name>.debug_line</name>
         <load_address>0xf1</load_address>
         <run_address>0xf1</run_address>
         <size>0x6d</size>
         <input_file_ref idref="fl-2"/>
      </object_component>
      <object_component id="oc-c4">
         <name>.debug_line</name>
         <load_address>0x15e</load_address>
         <run_address>0x15e</run_address>
         <size>0x20</size>
         <input_file_ref idref="fl-2"/>
      </object_component>
      <object_component id="oc-bf">
         <name>.debug_line</name>
         <load_address>0x17e</load_address>
         <run_address>0x17e</run_address>
         <size>0x68</size>
         <input_file_ref idref="fl-2"/>
      </object_component>
      <object_component id="oc-254">
         <name>.debug_line</name>
         <load_address>0x1e6</load_address>
         <run_address>0x1e6</run_address>
         <size>0x6d</size>
         <input_file_ref idref="fl-2"/>
      </object_component>
      <object_component id="oc-152">
         <name>.debug_line</name>
         <load_address>0x253</load_address>
         <run_address>0x253</run_address>
         <size>0x6a</size>
         <input_file_ref idref="fl-2"/>
      </object_component>
      <object_component id="oc-c9">
         <name>.debug_line</name>
         <load_address>0x2bd</load_address>
         <run_address>0x2bd</run_address>
         <size>0x6b</size>
         <input_file_ref idref="fl-2"/>
      </object_component>
      <object_component id="oc-2a9">
         <name>.debug_line</name>
         <load_address>0x328</load_address>
         <run_address>0x328</run_address>
         <size>0x64</size>
         <input_file_ref idref="fl-2"/>
      </object_component>
      <object_component id="oc-184">
         <name>.debug_line</name>
         <load_address>0x38c</load_address>
         <run_address>0x38c</run_address>
         <size>0x68</size>
         <input_file_ref idref="fl-2"/>
      </object_component>
      <object_component id="oc-346">
         <name>.debug_line</name>
         <load_address>0x3f4</load_address>
         <run_address>0x3f4</run_address>
         <size>0x20</size>
         <input_file_ref idref="fl-3"/>
      </object_component>
      <object_component id="oc-1c9">
         <name>.debug_line</name>
         <load_address>0x414</load_address>
         <run_address>0x414</run_address>
         <size>0x68</size>
         <input_file_ref idref="fl-3"/>
      </object_component>
      <object_component id="oc-34a">
         <name>.debug_line</name>
         <load_address>0x47c</load_address>
         <run_address>0x47c</run_address>
         <size>0x64</size>
         <input_file_ref idref="fl-3"/>
      </object_component>
      <object_component id="oc-371">
         <name>.debug_line</name>
         <load_address>0x4e0</load_address>
         <run_address>0x4e0</run_address>
         <size>0x20</size>
         <input_file_ref idref="fl-4"/>
      </object_component>
      <object_component id="oc-222">
         <name>.debug_line</name>
         <load_address>0x500</load_address>
         <run_address>0x500</run_address>
         <size>0x68</size>
         <input_file_ref idref="fl-4"/>
      </object_component>
      <object_component id="oc-375">
         <name>.debug_line</name>
         <load_address>0x568</load_address>
         <run_address>0x568</run_address>
         <size>0x64</size>
         <input_file_ref idref="fl-4"/>
      </object_component>
      <object_component id="oc-b8">
         <name>.debug_line</name>
         <load_address>0x5cc</load_address>
         <run_address>0x5cc</run_address>
         <size>0x7c</size>
         <input_file_ref idref="fl-5"/>
      </object_component>
      <object_component id="oc-378">
         <name>.debug_line</name>
         <load_address>0x648</load_address>
         <run_address>0x648</run_address>
         <size>0x20</size>
         <input_file_ref idref="fl-6"/>
      </object_component>
      <object_component id="oc-37c">
         <name>.debug_line</name>
         <load_address>0x668</load_address>
         <run_address>0x668</run_address>
         <size>0x64</size>
         <input_file_ref idref="fl-6"/>
      </object_component>
      <object_component id="oc-227">
         <name>.debug_line</name>
         <load_address>0x6cc</load_address>
         <run_address>0x6cc</run_address>
         <size>0x68</size>
         <input_file_ref idref="fl-6"/>
      </object_component>
      <object_component id="oc-37f">
         <name>.debug_line</name>
         <load_address>0x734</load_address>
         <run_address>0x734</run_address>
         <size>0x20</size>
         <input_file_ref idref="fl-7"/>
      </object_component>
      <object_component id="oc-383">
         <name>.debug_line</name>
         <load_address>0x754</load_address>
         <run_address>0x754</run_address>
         <size>0x65</size>
         <input_file_ref idref="fl-7"/>
      </object_component>
      <object_component id="oc-22c">
         <name>.debug_line</name>
         <load_address>0x7b9</load_address>
         <run_address>0x7b9</run_address>
         <size>0x69</size>
         <input_file_ref idref="fl-7"/>
      </object_component>
      <object_component id="oc-332">
         <name>.debug_line</name>
         <load_address>0x822</load_address>
         <run_address>0x822</run_address>
         <size>0xc9</size>
         <input_file_ref idref="fl-8"/>
      </object_component>
      <object_component id="oc-231">
         <name>.debug_line</name>
         <load_address>0x8eb</load_address>
         <run_address>0x8eb</run_address>
         <size>0x65</size>
         <input_file_ref idref="fl-8"/>
      </object_component>
      <object_component id="oc-170">
         <name>.debug_line</name>
         <load_address>0x950</load_address>
         <run_address>0x950</run_address>
         <size>0x6a</size>
         <input_file_ref idref="fl-8"/>
      </object_component>
      <object_component id="oc-1e7">
         <name>.debug_line</name>
         <load_address>0x9ba</load_address>
         <run_address>0x9ba</run_address>
         <size>0x67</size>
         <input_file_ref idref="fl-8"/>
      </object_component>
      <object_component id="oc-175">
         <name>.debug_line</name>
         <load_address>0xa21</load_address>
         <run_address>0xa21</run_address>
         <size>0x68</size>
         <input_file_ref idref="fl-8"/>
      </object_component>
      <object_component id="oc-17a">
         <name>.debug_line</name>
         <load_address>0xa89</load_address>
         <run_address>0xa89</run_address>
         <size>0x6b</size>
         <input_file_ref idref="fl-8"/>
      </object_component>
      <object_component id="oc-17f">
         <name>.debug_line</name>
         <load_address>0xaf4</load_address>
         <run_address>0xaf4</run_address>
         <size>0x6a</size>
         <input_file_ref idref="fl-8"/>
      </object_component>
      <object_component id="oc-386">
         <name>.debug_line</name>
         <load_address>0xb5e</load_address>
         <run_address>0xb5e</run_address>
         <size>0x20</size>
         <input_file_ref idref="fl-9"/>
      </object_component>
      <object_component id="oc-38a">
         <name>.debug_line</name>
         <load_address>0xb7e</load_address>
         <run_address>0xb7e</run_address>
         <size>0x65</size>
         <input_file_ref idref="fl-9"/>
      </object_component>
      <object_component id="oc-236">
         <name>.debug_line</name>
         <load_address>0xbe3</load_address>
         <run_address>0xbe3</run_address>
         <size>0x69</size>
         <input_file_ref idref="fl-9"/>
      </object_component>
      <object_component id="oc-2ac">
         <name>.debug_line</name>
         <load_address>0xc4c</load_address>
         <run_address>0xc4c</run_address>
         <size>0x20</size>
         <input_file_ref idref="fl-a"/>
      </object_component>
      <object_component id="oc-71">
         <name>.debug_line</name>
         <load_address>0xc6c</load_address>
         <run_address>0xc6c</run_address>
         <size>0x1ff</size>
         <input_file_ref idref="fl-a"/>
      </object_component>
      <object_component id="oc-50">
         <name>.debug_line</name>
         <load_address>0xe6b</load_address>
         <run_address>0xe6b</run_address>
[...]
      </symbol>
      <symbol id="sm-941">
         <name>_esmCcmErrorsClear_</name>
         <value>0x10058</value>
         <object_component_ref idref="oc-6a"/>
      </symbol>
      <symbol id="sm-942">
         <name>_gotoCPUIdle_</name>
         <value>0xff1c</value>
         <object_component_ref idref="oc-6a"/>
      </symbol>
      <symbol id="sm-943">
         <name>_coreEnableIrqVicOffset_</name>
         <value>0xffb0</value>
         <object_component_ref idref="oc-6a"/>
      </symbol>
      <symbol id="sm-944">
         <name>_coreGetInstructionFault_</name>
         <value>0xffd4</value>
         <object_component_ref idref="oc-6a"/>
      </symbol>
      <symbol id="sm-945">
         <name>_coreEnableVfp_</name>
         <value>0xff34</value>
         <object_component_ref idref="oc-6a"/>
      </symbol>
      <symbol id="sm-946">
         <name>_coreClearAuxiliaryDataFault_</name>
         <value>0x10018</value>
         <object_component_ref idref="oc-6a"/>
      </symbol>
      <symbol id="sm-947">
         <name>_coreEnableEventBusExport_</name>
         <value>0xff4c</value>
         <object_component_ref idref="oc-6a"/>
      </symbol>
      <symbol id="sm-953">
         <name>resetEntry</name>
         <value>0x0</value>
         <object_component_ref idref="oc-30"/>
      </symbol>
      <symbol id="sm-96d">
         <name>main</name>
         <value>0x117a4</value>
         <object_component_ref idref="oc-8e"/>
      </symbol>
      <symbol id="sm-96e">
         <name>testbench</name>
         <value>0x117b4</value>
         <object_component_ref idref="oc-8e"/>
      </symbol>
      <symbol id="sm-987">
         <name>phantomInterrupt</name>
         <value>0x11804</value>
         <object_component_ref idref="oc-35"/>
      </symbol>
      <symbol id="sm-991">
         <name>_pmuResetCounters_</name>
         <value>0x114d0</value>
         <object_component_ref idref="oc-f7"/>
      </symbol>
      <symbol id="sm-992">
         <name>_pmuGetEventCount_</name>
         <value>0x11504</value>
         <object_component_ref idref="oc-f7"/>
      </symbol>
      <symbol id="sm-993">
         <name>_pmuResetEventCounters_</name>
         <value>0x114c0</value>
         <object_component_ref idref="oc-f7"/>
      </symbol>
      <symbol id="sm-994">
         <name>_pmuStopCounters_</name>
         <value>0x114e8</value>
         <object_component_ref idref="oc-f7"/>
      </symbol>
      <symbol id="sm-995">
         <name>_pmuInit_</name>
         <value>0x11444</value>
         <object_component_ref idref="oc-f7"/>
      </symbol>
      <symbol id="sm-996">
         <name>_pmuGetOverflow_</name>
         <value>0x11510</value>
         <object_component_ref idref="oc-f7"/>
      </symbol>
      <symbol id="sm-997">
         <name>_pmuResetCycleCounter_</name>
         <value>0x114b0</value>
         <object_component_ref idref="oc-f7"/>
      </symbol>
      <symbol id="sm-998">
         <name>_pmuSetCountEvent_</name>
         <value>0x114f0</value>
         <object_component_ref idref="oc-f7"/>
      </symbol>
      <symbol id="sm-999">
         <name>_pmuGetCycleCount_</name>
         <value>0x114fc</value>
         <object_component_ref idref="oc-f7"/>
      </symbol>
      <symbol id="sm-99a">
         <name>_pmuEnableCountersGlobal_</name>
         <value>0x11490</value>
         <object_component_ref idref="oc-f7"/>
      </symbol>
      <symbol id="sm-99b">
         <name>_pmuDisableCountersGlobal_</name>
         <value>0x114a0</value>
         <object_component_ref idref="oc-f7"/>
      </symbol>
      <symbol id="sm-99c">
         <name>_pmuStartCounters_</name>
         <value>0x114e0</value>
         <object_component_ref idref="oc-f7"/>
      </symbol>
      <symbol id="sm-b5c">
         <name>pbistSelfCheck</name>
         <value>0x82cc</value>
         <object_component_ref idref="oc-81"/>
      </symbol>
      <symbol id="sm-b5d">
         <name>fmcBus1ParityCheck</name>
         <value>0xa2c4</value>
         <object_component_ref idref="oc-81"/>
      </symbol>
      <symbol id="sm-b5e">
         <name>can1ParityCheck</name>
         <value>0x9410</value>
         <object_component_ref idref="oc-81"/>
      </symbol>
      <symbol id="sm-b5f">
         <name>enableParity</name>
         <value>0xaad0</value>
         <object_component_ref idref="oc-81"/>
      </symbol>
      <symbol id="sm-b60">
         <name>dmaParityCheck</name>
         <value>0x8eac</value>
         <object_component_ref idref="oc-81"/>
      </symbol>
      <symbol id="sm-b61">
         <name>custom_dabort</name>
         <value>0x8df4</value>
         <object_component_ref idref="oc-81"/>
      </symbol>
      <symbol id="sm-b62">
         <name>memoryInit</name>
         <value>0x8174</value>
         <object_component_ref idref="oc-81"/>
      </symbol>
      <symbol id="sm-b63">
         <name>stcSelfCheck</name>
         <value>0x81b8</value>
         <object_component_ref idref="oc-81"/>
      </symbol>
      <symbol id="sm-b64">
         <name>efcGetConfigValue</name>
         <value>0xa660</value>
         <object_component_ref idref="oc-81"/>
      </symbol>
      <symbol id="sm-b65">
         <name>can2ParityCheck</name>
         <value>0x94e8</value>
         <object_component_ref idref="oc-81"/>
      </symbol>
      <symbol id="sm-b66">
         <name>het1ParityCheck</name>
         <value>0x8f58</value>
         <object_component_ref idref="oc-81"/>
      </symbol>
      <symbol id="sm-b67">
         <name>adc1ParityCheck</name>
         <value>0x926c</value>
         <object_component_ref idref="oc-81"/>
      </symbol>
      <symbol id="sm-b68">
         <name>checkefcSelfTest</name>
         <value>0x87bc</value>
         <object_component_ref idref="oc-81"/>
      </symbol>
      <symbol id="sm-b69">
         <name>checkRAMECC</name>
         <value>0x99d0</value>
         <object_component_ref idref="oc-81"/>
      </symbol>
      <symbol id="sm-b6a">
         <name>stcSelfCheckFail</name>
         <value>0x8df8</value>
         <object_component_ref idref="oc-81"/>
      </symbol>
      <symbol id="sm-b6b">
         <name>ccmSelfCheck</name>
         <value>0x8030</value>
         <object_component_ref idref="oc-81"/>
      </symbol>
      <symbol id="sm-b6c">
         <name>efcCheck</name>
         <value>0x8660</value>
         <object_component_ref idref="oc-81"/>
      </symbol>
      <symbol id="sm-b6d">
         <name>het2ParityCheck</name>
         <value>0x90c0</value>
         <object_component_ref idref="oc-81"/>
      </symbol>
      <symbol id="sm-b6e">
         <name>adc2ParityCheck</name>
         <value>0x9358</value>
         <object_component_ref idref="oc-81"/>
      </symbol>
      <symbol id="sm-b6f">
         <name>cpuSelfTest</name>
         <value>0x8234</value>
         <object_component_ref idref="oc-81"/>
      </symbol>
      <symbol id="sm-b70">
         <name>htu1ParityCheck</name>
         <value>0x9004</value>
         <object_component_ref idref="oc-81"/>
      </symbol>
      <symbol id="sm-b71">
         <name>checkFlashECC</name>
         <value>0x8d18</value>
         <object_component_ref idref="oc-81"/>
      </symbol>
      <symbol id="sm-b72">
         <name>cpuSelfTestFail</name>
         <value>0x8dfc</value>
         <object_component_ref idref="oc-81"/>
      </symbol>
      <symbol id="sm-b73">
         <name>checkPLL1Slip</name>
         <value>0x9e8c</value>
         <object_component_ref idref="oc-81"/>
      </symbol>
      <symbol id="sm-b74">
         <name>mibspi1ParityCheck</name>
         <value>0x9684</value>
         <object_component_ref idref="oc-81"/>
      </symbol>
      <symbol id="sm-b75">
         <name>ccmr4GetConfigValue</name>
         <value>0xa6fc</value>
         <object_component_ref idref="oc-81"/>
      </symbol>
      <symbol id="sm-b76">
         <name>htu2ParityCheck</name>
         <value>0x91bc</value>
         <object_component_ref idref="oc-81"/>
      </symbol>
      <symbol id="sm-b77">
         <name>pbistPortTestStatus</name>
         <value>0x8608</value>
         <object_component_ref idref="oc-81"/>
      </symbol>
      <symbol id="sm-b78">
         <name>checkFlashEEPROMECC</name>
         <value>0x9cf4</value>
         <object_component_ref idref="oc-81"/>
      </symbol>
      <symbol id="sm-b79">
         <name>pbistGetConfigValue</name>
         <value>0xa470</value>
         <object_component_ref idref="oc-81"/>
      </symbol>
      <symbol id="sm-b7a">
         <name>vimParityCheck</name>
         <value>0x8e00</value>
         <object_component_ref idref="oc-81"/>
      </symbol>
      <symbol id="sm-b7b">
         <name>pbistIsTestCompleted</name>
         <value>0x85a8</value>
         <object_component_ref idref="oc-81"/>
      </symbol>
      <symbol id="sm-b7c">
         <name>disableParity</name>
         <value>0xab58</value>
         <object_component_ref idref="oc-81"/>
      </symbol>
      <symbol id="sm-b7d">
         <name>pbistRun</name>
         <value>0x84ac</value>
         <object_component_ref idref="oc-81"/>
      </symbol>
      <symbol id="sm-b7e">
         <name>pbistFail</name>
         <value>0xa3ec</value>
         <object_component_ref idref="oc-81"/>
      </symbol>
      <symbol id="sm-b7f">
         <name>selftestFailNotification</name>
         <value>0x8020</value>
         <object_component_ref idref="oc-81"/>
      </symbol>
      <symbol id="sm-b80">
         <name>errata_PBIST_4</name>
         <value>0xa76c</value>
         <object_component_ref idref="oc-81"/>
      </symbol>
      <symbol id="sm-b81">
         <name>mibspi3ParityCheck</name>
         <value>0x978c</value>
         <object_component_ref idref="oc-81"/>
      </symbol>
      <symbol id="sm-b82">
         <name>efcSelfTest</name>
         <value>0x8794</value>
         <object_component_ref idref="oc-81"/>
      </symbol>
      <symbol id="sm-b83">
         <name>checkB1RAMECC</name>
         <value>0x8b28</value>
         <object_component_ref idref="oc-81"/>
      </symbol>
      <symbol id="sm-b84">
         <name>pbistStop</name>
         <value>0x8578</value>
         <object_component_ref idref="oc-81"/>
      </symbol>
      <symbol id="sm-b85">
         <name>can3ParityCheck</name>
         <value>0x95b0</value>
         <object_component_ref idref="oc-81"/>
      </symbol>
      <symbol id="sm-b86">
         <name>checkRAMAddrParity</name>
         <value>0xa050</value>
         <object_component_ref idref="oc-81"/>
      </symbol>
      <symbol id="sm-b87">
         <name>mibspi5ParityCheck</name>
         <value>0x98b0</value>
         <object_component_ref idref="oc-81"/>
      </symbol>
      <symbol id="sm-b88">
         <name>checkB0RAMECC</name>
         <value>0x8938</value>
         <object_component_ref idref="oc-81"/>
      </symbol>
      <symbol id="sm-b89">
         <name>stcGetConfigValue</name>
         <value>0xa5bc</value>
         <object_component_ref idref="oc-81"/>
      </symbol>
      <symbol id="sm-b8a">
         <name>pbistIsTestPassed</name>
         <value>0x85d4</value>
         <object_component_ref idref="oc-81"/>
      </symbol>
      <symbol id="sm-b8b">
         <name>checkClockMonitor</name>
         <value>0x9c18</value>
         <object_component_ref idref="oc-81"/>
      </symbol>
      <symbol id="sm-b8c">
         <name>fmcECCcheck</name>
         <value>0x8898</value>
         <object_component_ref idref="oc-81"/>
      </symbol>
      <symbol id="sm-b8d">
         <name>fmcBus2Check</name>
         <value>0x885c</value>
         <object_component_ref idref="oc-81"/>
      </symbol>
      <symbol id="sm-b8e">
         <name>checkRAMUERRTest</name>
         <value>0xa15c</value>
         <object_component_ref idref="oc-81"/>
      </symbol>
      <symbol id="sm-b8f">
         <name>efcStuckZeroTest</name>
         <value>0x86e8</value>
         <object_component_ref idref="oc-81"/>
      </symbol>
      <symbol id="sm-b90">
         <name>checkPLL2Slip</name>
         <value>0x9f8c</value>
         <object_component_ref idref="oc-81"/>
      </symbol>
      <symbol id="sm-bc2">
         <name>_c_int00</name>
         <value>0x103d4</value>
         <object_component_ref idref="oc-1b"/>
      </symbol>
      <symbol id="sm-bc3">
         <name>handlePLLLockFail</name>
         <value>0x11808</value>
         <object_component_ref idref="oc-75"/>
      </symbol>
      <symbol id="sm-c73">
         <name>vimChannelMap</name>
         <value>0xce38</value>
         <object_component_ref idref="oc-3c"/>
      </symbol>
      <symbol id="sm-c74">
         <name>vimInit</name>
         <value>0xcd64</value>
         <object_component_ref idref="oc-3c"/>
      </symbol>
      <symbol id="sm-c75">
         <name>vimEnableInterrupt</name>
         <value>0xcedc</value>
         <object_component_ref idref="oc-3c"/>
      </symbol>
      <symbol id="sm-c76">
         <name>vimDisableInterrupt</name>
         <value>0xd0a4</value>
         <object_component_ref idref="oc-3c"/>
      </symbol>
      <symbol id="sm-c77">
         <name>vimGetConfigValue</name>
         <value>0xd150</value>
         <object_component_ref idref="oc-3c"/>
      </symbol>
      <symbol id="sm-c78">
         <name>vimParityErrorHandler</name>
         <value>0x10108</value>
         <object_component_ref idref="oc-3b"/>
      </symbol>
      <symbol id="sm-cd3">
         <name>systemGetConfigValue</name>
         <value>0xc58c</value>
         <object_component_ref idref="oc-7b"/>
      </symbol>
      <symbol id="sm-cd4">
         <name>trimLPO</name>
         <value>0xc260</value>
         <object_component_ref idref="oc-7b"/>
      </symbol>
      <symbol id="sm-cd5">
         <name>systemInit</name>
         <value>0xc490</value>
         <object_component_ref idref="oc-7b"/>
      </symbol>
      <symbol id="sm-cd6">
         <name>customTrimLPO</name>
         <value>0xcc88</value>
         <object_component_ref idref="oc-7b"/>
      </symbol>
      <symbol id="sm-cd7">
         <name>tcmflashGetConfigValue</name>
         <value>0xc9a0</value>
         <object_component_ref idref="oc-7b"/>
      </symbol>
      <symbol id="sm-cd8">
         <name>sramGetConfigValue</name>
         <value>0xcb4c</value>
         <object_component_ref idref="oc-7b"/>
      </symbol>
      <symbol id="sm-cd9">
         <name>periphInit</name>
         <value>0xc314</value>
         <object_component_ref idref="oc-7b"/>
      </symbol>
      <symbol id="sm-cda">
         <name>setupFlash</name>
         <value>0xc2d4</value>
         <object_component_ref idref="oc-7b"/>
      </symbol>
      <symbol id="sm-cdb">
         <name>setupPLL</name>
         <value>0xc200</value>
         <object_component_ref idref="oc-7b"/>
      </symbol>
      <symbol id="sm-cdc">
         <name>mapClocks</name>
         <value>0xc368</value>
         <object_component_ref idref="oc-7b"/>
      </symbol>
      <symbol id="sm-cdd">
         <name>systemPowerDown</name>
         <value>0xc55c</value>
         <object_component_ref idref="oc-7b"/>
      </symbol>
      <symbol id="sm-d10">
         <name>coral__i2cSetup</name>
         <value>0xfcf8</value>
         <object_component_ref idref="oc-aa"/>
      </symbol>
      <symbol id="sm-d11">
         <name>coral__ledOn</name>
         <value>0xfd0c</value>
         <object_component_ref idref="oc-aa"/>
      </symbol>
      <symbol id="sm-d12">
         <name>coral__receiveMDStatus</name>
         <value>0xfb2c</value>
         <object_component_ref idref="oc-aa"/>
      </symbol>
      <symbol id="sm-d13">
         <name>coral__sendMDMessage</name>
         <value>0xf9f0</value>
         <object_component_ref idref="oc-aa"/>
      </symbol>
      <symbol id="sm-d14">
         <name>i2cNotification</name>
         <value>0xfda0</value>
         <object_component_ref idref="oc-aa"/>
      </symbol>
      <symbol id="sm-d15">
         <name>coral__parity</name>
         <value>0xfd34</value>
         <object_component_ref idref="oc-aa"/>
      </symbol>
      <symbol id="sm-d26">
         <name>coral__kickSelfTest</name>
         <value>0x11578</value>
         <object_component_ref idref="oc-135"/>
      </symbol>
      <symbol id="sm-d27">
         <name>coral__kick</name>
         <value>0x11530</value>
         <object_component_ref idref="oc-135"/>
      </symbol>
      <symbol id="sm-d28">
         <name>coral__spiSetup</name>
         <value>0x11524</value>
         <object_component_ref idref="oc-135"/>
      </symbol>
      <symbol id="sm-d38">
         <name>__aeabi_memset</name>
         <value>0x1167b</value>
         <object_component_ref idref="oc-e1"/>
      </symbol>
      <symbol id="sm-d39">
         <name>memset</name>
         <value>0x11681</value>
         <object_component_ref idref="oc-e1"/>
      </symbol>
      <symbol id="sm-d3a">
         <name>__aeabi_memset8</name>
         <value>0x1167b</value>
         <object_component_ref idref="oc-e1"/>
      </symbol>
      <symbol id="sm-d3b">
         <name>__aeabi_memset4</name>
         <value>0x1167b</value>
         <object_component_ref idref="oc-e1"/>
      </symbol>
      <symbol id="sm-d3c">
         <name>__aeabi_memclr8</name>
         <value>0x11679</value>
         <object_component_ref idref="oc-e1"/>
      </symbol>
      <symbol id="sm-d3d">
         <name>__aeabi_memclr4</name>
         <value>0x11679</value>
         <object_component_ref idref="oc-e1"/>
      </symbol>
      <symbol id="sm-d3e">
         <name>__aeabi_memclr</name>
         <value>0x11679</value>
         <object_component_ref idref="oc-e1"/>
      </symbol>
      <symbol id="sm-d59">
         <name>memcpy</name>
         <value>0x115dd</value>
         <object_component_ref idref="oc-52"/>
      </symbol>
      <symbol id="sm-d5a">
         <name>__aeabi_memcpy</name>
         <value>0x115dd</value>
         <object_component_ref idref="oc-52"/>
      </symbol>
      <symbol id="sm-d5b">
         <name>__aeabi_memcpy8</name>
         <value>0x115dd</value>
         <object_component_ref idref="oc-52"/>
      </symbol>
      <symbol id="sm-d5c">
         <name>__aeabi_memcpy4</name>
         <value>0x115dd</value>
         <object_component_ref idref="oc-52"/>
      </symbol>
      <symbol id="sm-d85">
         <name>__TI_auto_init_nobinit_nopinit</name>
         <value>0x11761</value>
         <object_component_ref idref="oc-105"/>
      </symbol>
      <symbol id="sm-d98">
         <name>__TI_zero_init</name>
         <value>0x117f5</value>
         <object_component_ref idref="oc-64"/>
      </symbol>
      <symbol id="sm-daf">
         <name>__TI_decompress_none</name>
         <value>0x117e7</value>
         <object_component_ref idref="oc-14"/>
      </symbol>
      <symbol id="sm-dd2">
         <name>__TI_decompress_lzss</name>
         <value>0x116f3</value>
         <object_component_ref idref="oc-e"/>
      </symbol>
      <symbol id="sm-ddd">
         <name>C$$EXIT</name>
         <value>0x11801</value>
         <object_component_ref idref="oc-13c"/>
      </symbol>
      <symbol id="sm-dde">
         <name>abort</name>
         <value>0x11801</value>
         <object_component_ref idref="oc-13c"/>
      </symbol>
      <symbol id="sm-ded">
         <name>strlen</name>
         <value>0x117d1</value>
         <object_component_ref idref="oc-277"/>
      </symbol>
      <symbol id="sm-def">
         <name>__TI_static_base__</name>
         <value>0x0</value>
      </symbol>
      <symbol id="sm-df3">
         <name>SHT$$INIT_ARRAY$$Base</name>
         <value>0x0</value>
      </symbol>
      <symbol id="sm-df4">
         <name>SHT$$INIT_ARRAY$$Limit</name>
         <value>0x0</value>
      </symbol>
      <symbol id="sm-df5">
         <name>_system_post_cinit</name>
         <value>0x0</value>
      </symbol>
   </symbol_table>
   <title>Link successful</title>
</link_info>
